Archive member included to satisfy reference by file (symbol)

c:/users/ly/opensourcetools/gnu tools arm embedded/7 2018-q2-update/bin/../lib/gcc/arm-none-eabi/7.3.1/../../../../arm-none-eabi/lib/thumb/v7e-m/fpv4-sp/hard\libc_nano.a(lib_a-exit.o)
                              c:/users/ly/opensourcetools/gnu tools arm embedded/7 2018-q2-update/bin/../lib/gcc/arm-none-eabi/7.3.1/../../../../arm-none-eabi/lib/thumb/v7e-m/fpv4-sp/hard/crt0.o (exit)
c:/users/ly/opensourcetools/gnu tools arm embedded/7 2018-q2-update/bin/../lib/gcc/arm-none-eabi/7.3.1/../../../../arm-none-eabi/lib/thumb/v7e-m/fpv4-sp/hard\libc_nano.a(lib_a-fflush.o)
                              appbuild/shell_main.o (fflush)
c:/users/ly/opensourcetools/gnu tools arm embedded/7 2018-q2-update/bin/../lib/gcc/arm-none-eabi/7.3.1/../../../../arm-none-eabi/lib/thumb/v7e-m/fpv4-sp/hard\libc_nano.a(lib_a-findfp.o)
                              c:/users/ly/opensourcetools/gnu tools arm embedded/7 2018-q2-update/bin/../lib/gcc/arm-none-eabi/7.3.1/../../../../arm-none-eabi/lib/thumb/v7e-m/fpv4-sp/hard\libc_nano.a(lib_a-fflush.o) (__sinit)
c:/users/ly/opensourcetools/gnu tools arm embedded/7 2018-q2-update/bin/../lib/gcc/arm-none-eabi/7.3.1/../../../../arm-none-eabi/lib/thumb/v7e-m/fpv4-sp/hard\libc_nano.a(lib_a-fwalk.o)
                              c:/users/ly/opensourcetools/gnu tools arm embedded/7 2018-q2-update/bin/../lib/gcc/arm-none-eabi/7.3.1/../../../../arm-none-eabi/lib/thumb/v7e-m/fpv4-sp/hard\libc_nano.a(lib_a-findfp.o) (_fwalk)
c:/users/ly/opensourcetools/gnu tools arm embedded/7 2018-q2-update/bin/../lib/gcc/arm-none-eabi/7.3.1/../../../../arm-none-eabi/lib/thumb/v7e-m/fpv4-sp/hard\libc_nano.a(lib_a-getchar.o)
                              appbuild/shell_main.o (getchar)
c:/users/ly/opensourcetools/gnu tools arm embedded/7 2018-q2-update/bin/../lib/gcc/arm-none-eabi/7.3.1/../../../../arm-none-eabi/lib/thumb/v7e-m/fpv4-sp/hard\libc_nano.a(lib_a-impure.o)
                              c:/users/ly/opensourcetools/gnu tools arm embedded/7 2018-q2-update/bin/../lib/gcc/arm-none-eabi/7.3.1/../../../../arm-none-eabi/lib/thumb/v7e-m/fpv4-sp/hard\libc_nano.a(lib_a-exit.o) (_global_impure_ptr)
c:/users/ly/opensourcetools/gnu tools arm embedded/7 2018-q2-update/bin/../lib/gcc/arm-none-eabi/7.3.1/../../../../arm-none-eabi/lib/thumb/v7e-m/fpv4-sp/hard\libc_nano.a(lib_a-init.o)
                              c:/users/ly/opensourcetools/gnu tools arm embedded/7 2018-q2-update/bin/../lib/gcc/arm-none-eabi/7.3.1/../../../../arm-none-eabi/lib/thumb/v7e-m/fpv4-sp/hard/crt0.o (__libc_init_array)
c:/users/ly/opensourcetools/gnu tools arm embedded/7 2018-q2-update/bin/../lib/gcc/arm-none-eabi/7.3.1/../../../../arm-none-eabi/lib/thumb/v7e-m/fpv4-sp/hard\libc_nano.a(lib_a-memcpy-stub.o)
                              appbuild/hal_rng.o (memcpy)
c:/users/ly/opensourcetools/gnu tools arm embedded/7 2018-q2-update/bin/../lib/gcc/arm-none-eabi/7.3.1/../../../../arm-none-eabi/lib/thumb/v7e-m/fpv4-sp/hard\libc_nano.a(lib_a-memset.o)
                              c:/users/ly/opensourcetools/gnu tools arm embedded/7 2018-q2-update/bin/../lib/gcc/arm-none-eabi/7.3.1/../../../../arm-none-eabi/lib/thumb/v7e-m/fpv4-sp/hard/crt0.o (memset)
c:/users/ly/opensourcetools/gnu tools arm embedded/7 2018-q2-update/bin/../lib/gcc/arm-none-eabi/7.3.1/../../../../arm-none-eabi/lib/thumb/v7e-m/fpv4-sp/hard\libc_nano.a(lib_a-nano-vfprintf_float.o)
                              (_printf_float)
c:/users/ly/opensourcetools/gnu tools arm embedded/7 2018-q2-update/bin/../lib/gcc/arm-none-eabi/7.3.1/../../../../arm-none-eabi/lib/thumb/v7e-m/fpv4-sp/hard\libc_nano.a(lib_a-nano-vfprintf_i.o)
                              c:/users/ly/opensourcetools/gnu tools arm embedded/7 2018-q2-update/bin/../lib/gcc/arm-none-eabi/7.3.1/../../../../arm-none-eabi/lib/thumb/v7e-m/fpv4-sp/hard\libc_nano.a(lib_a-nano-vfprintf_float.o) (_printf_common)
c:/users/ly/opensourcetools/gnu tools arm embedded/7 2018-q2-update/bin/../lib/gcc/arm-none-eabi/7.3.1/../../../../arm-none-eabi/lib/thumb/v7e-m/fpv4-sp/hard\libc_nano.a(lib_a-printf.o)
                              appbuild/atiny_log.o (printf)
c:/users/ly/opensourcetools/gnu tools arm embedded/7 2018-q2-update/bin/../lib/gcc/arm-none-eabi/7.3.1/../../../../arm-none-eabi/lib/thumb/v7e-m/fpv4-sp/hard\libc_nano.a(lib_a-putchar.o)
                              appbuild/shell_main.o (putchar)
c:/users/ly/opensourcetools/gnu tools arm embedded/7 2018-q2-update/bin/../lib/gcc/arm-none-eabi/7.3.1/../../../../arm-none-eabi/lib/thumb/v7e-m/fpv4-sp/hard\libc_nano.a(lib_a-puts.o)
                              appbuild/los_init.o (puts)
c:/users/ly/opensourcetools/gnu tools arm embedded/7 2018-q2-update/bin/../lib/gcc/arm-none-eabi/7.3.1/../../../../arm-none-eabi/lib/thumb/v7e-m/fpv4-sp/hard\libc_nano.a(lib_a-rand.o)
                              appbuild/link_random.o (srand)
[...]
Memory Configuration

Name             Origin             Length             Attributes
RAM              0x20000000         0x00010000         xrw
FLASH            0x08000000         0x00040000         xr
*default*        0x00000000         0xffffffff

Linker script and memory map

LOAD c:/users/ly/opensourcetools/gnu tools arm embedded/7 2018-q2-update/bin/../lib/gcc/arm-none-eabi/7.3.1/thumb/v7e-m/fpv4-sp/hard/crti.o
LOAD c:/users/ly/opensourcetools/gnu tools arm embedded/7 2018-q2-update/bin/../lib/gcc/arm-none-eabi/7.3.1/thumb/v7e-m/fpv4-sp/hard/crtbegin.o
LOAD c:/users/ly/opensourcetools/gnu tools arm embedded/7 2018-q2-update/bin/../lib/gcc/arm-none-eabi/7.3.1/../../../../arm-none-eabi/lib/thumb/v7e-m/fpv4-sp/hard/crt0.o
LOAD appbuild/stm32l4xx_hal_flash.o
LOAD appbuild/stm32l4xx_hal_tim_ex.o
LOAD appbuild/stm32l4xx_hal_rcc.o
LOAD appbuild/stm32l4xx_hal_pwr_ex.o
LOAD appbuild/stm32l4xx_hal_pwr.o
LOAD appbuild/stm32l4xx_hal_gpio.o
LOAD appbuild/stm32l4xx_hal_rcc_ex.o
LOAD appbuild/stm32l4xx_hal_flash_ex.o
LOAD appbuild/stm32l4xx_hal_flash_ramfunc.o
LOAD appbuild/stm32l4xx_hal_cortex.o
LOAD appbuild/stm32l4xx_hal_uart.o
LOAD appbuild/stm32l4xx_hal_uart_ex.o
LOAD appbuild/stm32l4xx_hal.o
LOAD appbuild/stm32l4xx_hal_tim.o
LOAD appbuild/stm32l4xx_hal_spi.o
LOAD appbuild/stm32l4xx_hal_i2c.o
LOAD appbuild/stm32l4xx_hal_i2c_ex.o
LOAD appbuild/stm32l4xx_hal_iwdg.o
LOAD appbuild/stm32l4xx_hal_adc.o
LOAD appbuild/hal_iwdg.o
LOAD appbuild/hal_rng.o
LOAD appbuild/hal_qspi_flash.o
LOAD appbuild/lcd.o
LOAD appbuild/stm32l4xx_hal_dma.o
LOAD appbuild/stm32l4xx_hal_dma_ex.o
LOAD appbuild/stm32l4xx_hal_rng.o
LOAD appbuild/main.o
LOAD appbuild/system_stm32l4xx.o
LOAD appbuild/stm32l4xx_it.o
LOAD appbuild/sys_init.o
LOAD appbuild/usart.o
LOAD appbuild/uart_debug.o
LOAD appbuild/dwt.o
LOAD appbuild/i2c.o
LOAD appbuild/spi.o
LOAD appbuild/gpio.o
LOAD appbuild/Huawei_IoT_QR_Code.o
LOAD appbuild/link_string.o
LOAD appbuild/link_random.o
LOAD appbuild/link_ring_buffer.o
LOAD appbuild/link_log.o
LOAD appbuild/atiny_log.o
LOAD appbuild/osal.o
LOAD appbuild/los_exc.o
LOAD appbuild/los_dispatch.o
LOAD appbuild/los_hw_tick.o
LOAD appbuild/los_hwi.o
LOAD appbuild/los_svc.o
LOAD appbuild/los_mpu.o
LOAD appbuild/los_hw.o
LOAD appbuild/cmsis_liteos.o
LOAD appbuild/rbtree.o
LOAD appbuild/liteos_errno.o
LOAD appbuild/newlib_stub.o
LOAD appbuild/liteos_imp.o
LOAD appbuild/malloc.o
LOAD appbuild/los_init.o
LOAD appbuild/los_tick.o
LOAD appbuild/los_sys.o
LOAD appbuild/los_timeslice.o
LOAD appbuild/los_task.o
LOAD appbuild/los_priqueue.o
LOAD appbuild/los_swtmr.o
LOAD appbuild/los_queue.o
LOAD appbuild/los_event.o
LOAD appbuild/los_sem.o
LOAD appbuild/los_rwlock.o
LOAD appbuild/los_mux.o
LOAD appbuild/los_memory.o
LOAD appbuild/los_heap.o
LOAD appbuild/los_membox.o
LOAD appbuild/los_slab.o
LOAD appbuild/los_slabmem.o
LOAD appbuild/los_memcheck.o
LOAD appbuild/los_misc.o
LOAD appbuild/los_err.o
LOAD appbuild/los_tickless.o
LOAD appbuild/shell_cmd.o
LOAD appbuild/shell_main.o
LOAD appbuild/shell_test.o
LOAD appbuild/queue.o
LOAD appbuild/crc32.o
LOAD appbuild/crc8.o
LOAD appbuild/crc16.o
LOAD appbuild/storage.o
LOAD appbuild/partition.o
LOAD appbuild/link_main.o
LOAD appbuild/osal_task_demo.o
LOAD appbuild/los_startup.o
LOAD c:/users/ly/opensourcetools/gnu tools arm embedded/7 2018-q2-update/bin/../lib/gcc/arm-none-eabi/7.3.1/../../../../arm-none-eabi/lib/thumb/v7e-m/fpv4-sp/hard\libc_nano.a
LOAD c:/users/ly/opensourcetools/gnu tools arm embedded/7 2018-q2-update/bin/../lib/gcc/arm-none-eabi/7.3.1/../../../../arm-none-eabi/lib/thumb/v7e-m/fpv4-sp/hard\libm.a
LOAD c:/users/ly/opensourcetools/gnu tools arm embedded/7 2018-q2-update/bin/../lib/gcc/arm-none-eabi/7.3.1/../../../../arm-none-eabi/lib/thumb/v7e-m/fpv4-sp/hard\libnosys.a
START GROUP
LOAD c:/users/ly/opensourcetools/gnu tools arm embedded/7 2018-q2-update/bin/../lib/gcc/arm-none-eabi/7.3.1/thumb/v7e-m/fpv4-sp/hard\libgcc.a
LOAD c:/users/ly/opensourcetools/gnu tools arm embedded/7 2018-q2-update/bin/../lib/gcc/arm-none-eabi/7.3.1/../../../../arm-none-eabi/lib/thumb/v7e-m/fpv4-sp/hard\libc_nano.a
END GROUP
START GROUP
LOAD c:/users/ly/opensourcetools/gnu tools arm embedded/7 2018-q2-update/bin/../lib/gcc/arm-none-eabi/7.3.1/thumb/v7e-m/fpv4-sp/hard\libgcc.a
LOAD c:/users/ly/opensourcetools/gnu tools arm embedded/7 2018-q2-update/bin/../lib/gcc/arm-none-eabi/7.3.1/../../../../arm-none-eabi/lib/thumb/v7e-m/fpv4-sp/hard\libc_nano.a
END GROUP
LOAD c:/users/ly/opensourcetools/gnu tools arm embedded/7 2018-q2-update/bin/../lib/gcc/arm-none-eabi/7.3.1/thumb/v7e-m/fpv4-sp/hard/crtend.o
LOAD c:/users/ly/opensourcetools/gnu tools arm embedded/7 2018-q2-update/bin/../lib/gcc/arm-none-eabi/7.3.1/thumb/v7e-m/fpv4-sp/hard/crtn.o
                0x20010000                _estack = 0x20010000
                0x00000200                _Min_Heap_Size = 0x200
                0x00000400                _Min_Stack_Size = 0x400

.isr_vector     0x08000000      0x400
                0x08000000                . = ALIGN (0x8)
 *(.isr_vector)
 .isr_vector    0x08000000      0x400 appbuild/los_hwi.o
                0x08000000                g_pstHwiForm
                0x08000400                . = ALIGN (0x8)

.text           0x08000400     0xd500
                0x08000400                . = ALIGN (0x8)
 *(.text)
 .text          0x08000400       0x40 c:/users/ly/opensourcetools/gnu tools arm embedded/7 2018-q2-update/bin/../lib/gcc/arm-none-eabi/7.3.1/thumb/v7e-m/fpv4-sp/hard/crtbegin.o
 .text          0x08000440       0x60 appbuild/los_startup.o
                0x08000440                Reset_Handler
 .text          0x080004a0       0x14 c:/users/ly/opensourcetools/gnu tools arm embedded/7 2018-q2-update/bin/../lib/gcc/arm-none-eabi/7.3.1/../../../../arm-none-eabi/lib/thumb/v7e-m/fpv4-sp/hard\libc_nano.a(lib_a-strcmp.o)
                0x080004a0                strcmp
 .text          0x080004b4       0x10 c:/users/ly/opensourcetools/gnu tools arm embedded/7 2018-q2-update/bin/../lib/gcc/arm-none-eabi/7.3.1/../../../../arm-none-eabi/lib/thumb/v7e-m/fpv4-sp/hard\libc_nano.a(lib_a-strlen.o)
                0x080004b4                strlen
 *fill*         0x080004c4        0xc 
 .text          0x080004d0       0xa0 c:/users/ly/opensourcetools/gnu tools arm embedded/7 2018-q2-update/bin/../lib/gcc/arm-none-eabi/7.3.1/../../../../arm-none-eabi/lib/thumb/v7e-m/fpv4-sp/hard\libc_nano.a(lib_a-memchr.o)
                0x080004d0                memchr
 .text          0x08000570      0x378 c:/users/ly/opensourcetools/gnu tools arm embedded/7 2018-q2-update/bin/../lib/gcc/arm-none-eabi/7.3.1/thumb/v7e-m/fpv4-sp/hard\libgcc.a(_arm_addsubdf3.o)
                0x08000570                __aeabi_drsub
                0x08000578                __aeabi_dsub
                0x08000578                __subdf3
                0x0800057c                __aeabi_dadd
                0x0800057c                __adddf3
                0x080007f4                __floatunsidf
                0x080007f4                __aeabi_ui2d
                0x08000814                __floatsidf
                0x08000814                __aeabi_i2d
                0x08000838                __aeabi_f2d
                0x08000838                __extendsfdf2
                0x0800087c                __floatundidf
                0x0800087c                __aeabi_ul2d
                0x0800088c                __floatdidf
                0x0800088c                __aeabi_l2d
 .text          0x080008e8      0x424 c:/users/ly/opensourcetools/gnu tools arm embedded/7 2018-q2-update/bin/../lib/gcc/arm-none-eabi/7.3.1/thumb/v7e-m/fpv4-sp/hard\libgcc.a(_arm_muldivdf3.o)
                0x080008e8                __aeabi_dmul
                0x080008e8                __muldf3
                0x08000b3c                __divdf3
                0x08000b3c                __aeabi_ddiv
 .text          0x08000d0c      0x110 c:/users/ly/opensourcetools/gnu tools arm embedded/7 2018-q2-update/bin/../lib/gcc/arm-none-eabi/7.3.1/thumb/v7e-m/fpv4-sp/hard\libgcc.a(_arm_cmpdf2.o)
                0x08000d0c                __gtdf2
                0x08000d0c                __gedf2
                0x08000d14                __ltdf2
                0x08000d14                __ledf2
                0x08000d1c                __nedf2
                0x08000d1c                __eqdf2
                0x08000d1c                __cmpdf2
                0x08000d98                __aeabi_cdrcmple
                0x08000da8                __aeabi_cdcmpeq
                0x08000da8                __aeabi_cdcmple
                0x08000db8                __aeabi_dcmpeq
                0x08000dcc                __aeabi_dcmplt
                0x08000de0                __aeabi_dcmple
                0x08000df4                __aeabi_dcmpge
                0x08000e08                __aeabi_dcmpgt
 .text          0x08000e1c       0x2c c:/users/ly/opensourcetools/gnu tools arm embedded/7 2018-q2-update/bin/../lib/gcc/arm-none-eabi/7.3.1/thumb/v7e-m/fpv4-sp/hard\libgcc.a(_arm_unorddf2.o)
                0x08000e1c                __unorddf2
                0x08000e1c                __aeabi_dcmpun
 .text          0x08000e48       0x50 c:/users/ly/opensourcetools/gnu tools arm embedded/7 2018-q2-update/bin/../lib/gcc/arm-none-eabi/7.3.1/thumb/v7e-m/fpv4-sp/hard\libgcc.a(_arm_fixdfsi.o)
                0x08000e48                __aeabi_d2iz
                0x08000e48                __fixdfsi
 .text          0x08000e98       0x30 c:/users/ly/opensourcetools/gnu tools arm embedded/7 2018-q2-update/bin/../lib/gcc/arm-none-eabi/7.3.1/thumb/v7e-m/fpv4-sp/hard\libgcc.a(_aeabi_uldivmod.o)
                0x08000e98                __aeabi_uldivmod
 .text          0x08000ec8      0x2cc c:/users/ly/opensourcetools/gnu tools arm embedded/7 2018-q2-update/bin/../lib/gcc/arm-none-eabi/7.3.1/thumb/v7e-m/fpv4-sp/hard\libgcc.a(_udivmoddi4.o)
                0x08000ec8                __udivmoddi4
 .text          0x08001194        0x4 c:/users/ly/opensourcetools/gnu tools arm embedded/7 2018-q2-update/bin/../lib/gcc/arm-none-eabi/7.3.1/thumb/v7e-m/fpv4-sp/hard\libgcc.a(_dvmd_tls.o)
                0x08001194                __aeabi_idiv0
                0x08001194                __aeabi_ldiv0
 *(.text*)
 .text.HAL_RCC_OscConfig
                0x08001198      0x73c appbuild/stm32l4xx_hal_rcc.o
                0x08001198                HAL_RCC_OscConfig
 .text.HAL_RCC_ClockConfig
                0x080018d4      0x230 appbuild/stm32l4xx_hal_rcc.o
                0x080018d4                HAL_RCC_ClockConfig
 .text.HAL_RCC_GetSysClockFreq
                0x08001b04      0x160 appbuild/stm32l4xx_hal_rcc.o
                0x08001b04                HAL_RCC_GetSysClockFreq
 .text.HAL_RCC_GetHCLKFreq
                0x08001c64       0x18 appbuild/stm32l4xx_hal_rcc.o
                0x08001c64                HAL_RCC_GetHCLKFreq
 .text.HAL_RCC_GetPCLK1Freq
                0x08001c7c       0x28 appbuild/stm32l4xx_hal_rcc.o
                0x08001c7c                HAL_RCC_GetPCLK1Freq
 .text.HAL_RCC_GetPCLK2Freq
                0x08001ca4       0x28 appbuild/stm32l4xx_hal_rcc.o
                0x08001ca4                HAL_RCC_GetPCLK2Freq
 .text.RCC_SetFlashLatencyFromMSIRange
                0x08001ccc       0xc4 appbuild/stm32l4xx_hal_rcc.o
 .text.HAL_PWREx_GetVoltageRange
                0x08001d90       0x1c appbuild/stm32l4xx_hal_pwr_ex.o
                0x08001d90                HAL_PWREx_GetVoltageRange
 .text.HAL_PWREx_ControlVoltageScaling
                0x08001dac       0xac appbuild/stm32l4xx_hal_pwr_ex.o
                0x08001dac                HAL_PWREx_ControlVoltageScaling
 .text.HAL_PWR_EnableBkUpAccess
                0x08001e58       0x20 appbuild/stm32l4xx_hal_pwr.o
                0x08001e58                HAL_PWR_EnableBkUpAccess
 .text.HAL_GPIO_Init
                0x08001e78      0x2fc appbuild/stm32l4xx_hal_gpio.o
                0x08001e78                HAL_GPIO_Init
 .text.HAL_GPIO_WritePin
                0x08002174       0x30 appbuild/stm32l4xx_hal_gpio.o
                0x08002174                HAL_GPIO_WritePin
 .text.HAL_RCCEx_PeriphCLKConfig
                0x080021a4      0x428 appbuild/stm32l4xx_hal_rcc_ex.o
                0x080021a4                HAL_RCCEx_PeriphCLKConfig
 .text.RCCEx_PLLSAI1_Config
                0x080025cc      0x1e4 appbuild/stm32l4xx_hal_rcc_ex.o
 .text.__NVIC_SetPriorityGrouping
                0x080027b0       0x48 appbuild/stm32l4xx_hal_cortex.o
 .text.__NVIC_GetPriorityGrouping
                0x080027f8       0x1c appbuild/stm32l4xx_hal_cortex.o
 .text.__NVIC_EnableIRQ
                0x08002814       0x3c appbuild/stm32l4xx_hal_cortex.o
 .text.__NVIC_SetPriority
                0x08002850       0x54 appbuild/stm32l4xx_hal_cortex.o
 .text.NVIC_EncodePriority
                0x080028a4       0x66 appbuild/stm32l4xx_hal_cortex.o
 *fill*         0x0800290a        0x2 
 .text.SysTick_Config
                0x0800290c       0x44 appbuild/stm32l4xx_hal_cortex.o
 .text.HAL_NVIC_SetPriorityGrouping
                0x08002950       0x16 appbuild/stm32l4xx_hal_cortex.o
                0x08002950                HAL_NVIC_SetPriorityGrouping
 .text.HAL_NVIC_SetPriority
                0x08002966       0x38 appbuild/stm32l4xx_hal_cortex.o
                0x08002966                HAL_NVIC_SetPriority
 .text.HAL_NVIC_EnableIRQ
                0x0800299e       0x1c appbuild/stm32l4xx_hal_cortex.o
                0x0800299e                HAL_NVIC_EnableIRQ
 .text.HAL_SYSTICK_Config
                0x080029ba       0x18 appbuild/stm32l4xx_hal_cortex.o
                0x080029ba                HAL_SYSTICK_Config
 .text.HAL_UART_Init
                0x080029d2       0xa2 appbuild/stm32l4xx_hal_uart.o
                0x080029d2                HAL_UART_Init
 .text.HAL_UART_Transmit
                0x08002a74      0x154 appbuild/stm32l4xx_hal_uart.o
                0x08002a74                HAL_UART_Transmit
 .text.UART_SetConfig
                0x08002bc8      0x5b8 appbuild/stm32l4xx_hal_uart.o
                0x08002bc8                UART_SetConfig
 .text.UART_AdvFeatureConfig
                0x08003180      0x144 appbuild/stm32l4xx_hal_uart.o
                0x08003180                UART_AdvFeatureConfig
 .text.UART_CheckIdleState
                0x080032c4       0x92 appbuild/stm32l4xx_hal_uart.o
                0x080032c4                UART_CheckIdleState
 .text.UART_WaitOnFlagUntilTimeout
                0x08003356       0x94 appbuild/stm32l4xx_hal_uart.o
                0x08003356                UART_WaitOnFlagUntilTimeout
 .text.HAL_Init
                0x080033ea       0x1a appbuild/stm32l4xx_hal.o
                0x080033ea                HAL_Init
 .text.HAL_MspInit
                0x08003404        0xe appbuild/stm32l4xx_hal.o
                0x08003404                HAL_MspInit
 *fill*         0x08003412        0x2 
 .text.HAL_InitTick
                0x08003414       0x38 appbuild/stm32l4xx_hal.o
                0x08003414                HAL_InitTick
 .text.HAL_SPI_Init
                0x0800344c      0x114 appbuild/stm32l4xx_hal_spi.o
                0x0800344c                HAL_SPI_Init
 .text.HAL_SPI_Transmit
                0x08003560      0x2ac appbuild/stm32l4xx_hal_spi.o
                0x08003560                HAL_SPI_Transmit
 .text.SPI_WaitFlagStateUntilTimeout
                0x0800380c       0xd0 appbuild/stm32l4xx_hal_spi.o
 .text.SPI_WaitFifoStateUntilTimeout
                0x080038dc       0xe0 appbuild/stm32l4xx_hal_spi.o
 .text.SPI_EndRxTxTransaction
                0x080039bc       0x8c appbuild/stm32l4xx_hal_spi.o
 .text.HAL_I2C_Init
                0x08003a48      0x11e appbuild/stm32l4xx_hal_i2c.o
                0x08003a48                HAL_I2C_Init
 .text.HAL_I2CEx_ConfigAnalogFilter
                0x08003b66       0x96 appbuild/stm32l4xx_hal_i2c_ex.o
                0x08003b66                HAL_I2CEx_ConfigAnalogFilter
 .text.HAL_I2CEx_ConfigDigitalFilter
                0x08003bfc       0x9c appbuild/stm32l4xx_hal_i2c_ex.o
                0x08003bfc                HAL_I2CEx_ConfigDigitalFilter
 .text.LCD_Gpio_Init
                0x08003c98       0xc0 appbuild/lcd.o
 .text.LCD_SPI_Send
                0x08003d58       0x1e appbuild/lcd.o
 *fill*         0x08003d76        0x2 
 .text.LCD_Write_Cmd
                0x08003d78       0x2c appbuild/lcd.o
 .text.LCD_Write_Data
                0x08003da4       0x2c appbuild/lcd.o
 .text.LCD_Write_HalfWord
                0x08003dd0       0x40 appbuild/lcd.o
                0x08003dd0                LCD_Write_HalfWord
 .text.LCD_Address_Set
                0x08003e10       0x98 appbuild/lcd.o
                0x08003e10                LCD_Address_Set
 .text.LCD_Clear
                0x08003ea8       0x8c appbuild/lcd.o
                0x08003ea8                LCD_Clear
 .text.LCD_ShowChar
                0x08003f34      0x268 appbuild/lcd.o
                0x08003f34                LCD_ShowChar
 .text.LCD_ShowString
                0x0800419c       0x96 appbuild/lcd.o
                0x0800419c                LCD_ShowString
 *fill*         0x08004232        0x2 
 .text.LCD_Init
                0x08004234      0x1a4 appbuild/lcd.o
                0x08004234                LCD_Init
 .text.HardWare_Init
                0x080043d8       0xa8 appbuild/main.o
                0x080043d8                HardWare_Init
 .text.link_test
                0x08004480       0x60 appbuild/main.o
 .text.main     0x080044e0       0x38 appbuild/main.o
                0x080044e0                main
 .text.SystemInit
                0x08004518       0x6c appbuild/system_stm32l4xx.o
                0x08004518                SystemInit
 .text.NMI_Handler
                0x08004584        0xe appbuild/stm32l4xx_it.o
                0x08004584                NMI_Handler
 .text.HardFault_Handler
                0x08004592        0x6 appbuild/stm32l4xx_it.o
                0x08004592                HardFault_Handler
 .text.MemManage_Handler
                0x08004598        0x6 appbuild/stm32l4xx_it.o
                0x08004598                MemManage_Handler
 .text.BusFault_Handler
                0x0800459e        0x6 appbuild/stm32l4xx_it.o
                0x0800459e                BusFault_Handler
 .text.UsageFault_Handler
                0x080045a4        0x6 appbuild/stm32l4xx_it.o
                0x080045a4                UsageFault_Handler
 .text.SVC_Handler
                0x080045aa        0xe appbuild/stm32l4xx_it.o
                0x080045aa                SVC_Handler
 .text.HAL_GetTick
                0x080045b8       0x10 appbuild/sys_init.o
                0x080045b8                HAL_GetTick
 .text._Error_Handler
                0x080045c8        0xc appbuild/sys_init.o
                0x080045c8                _Error_Handler
 .text.SystemClock_Config
                0x080045d4      0x140 appbuild/sys_init.o
                0x080045d4                SystemClock_Config
 .text.HAL_UART_MspInit
                0x08004714      0x17c appbuild/usart.o
                0x08004714                HAL_UART_MspInit
 .text.uart_debug_irq
                0x08004890       0x64 appbuild/uart_debug.o
 .text.shell_uart_init
                0x080048f4       0xb4 appbuild/uart_debug.o
                0x080048f4                shell_uart_init
 .text._write   0x080049a8       0x38 appbuild/uart_debug.o
                0x080049a8                _write
 .text._read    0x080049e0       0x54 appbuild/uart_debug.o
                0x080049e0                _read
 .text.dwt_delay_init
                0x08004a34       0x40 appbuild/dwt.o
                0x08004a34                dwt_delay_init
 .text.delayus  0x08004a74       0x78 appbuild/dwt.o
                0x08004a74                delayus
 .text.delay10ms
                0x08004aec       0x20 appbuild/dwt.o
                0x08004aec                delay10ms
 .text.MX_I2C1_Init
                0x08004b0c       0x90 appbuild/i2c.o
                0x08004b0c                MX_I2C1_Init
 .text.HAL_I2C_MspInit
                0x08004b9c      0x114 appbuild/i2c.o
                0x08004b9c                HAL_I2C_MspInit
 .text.MX_SPI2_Init
                0x08004cb0       0x84 appbuild/spi.o
                0x08004cb0                MX_SPI2_Init
 .text.HAL_SPI_MspInit
                0x08004d34       0x84 appbuild/spi.o
                0x08004d34                HAL_SPI_MspInit
 .text.SPI2_WriteByte
                0x08004db8       0x28 appbuild/spi.o
                0x08004db8                SPI2_WriteByte
 .text.MX_GPIO_Init
                0x08004de0       0x94 appbuild/gpio.o
                0x08004de0                MX_GPIO_Init
 .text.string_to_arg
                0x08004e74       0xb8 appbuild/link_string.o
                0x08004e74                string_to_arg
 .text.ring_buffer_init
                0x08004f2c       0x48 appbuild/link_ring_buffer.o
                0x08004f2c                ring_buffer_init
 .text.ring_buffer_write
                0x08004f74      0x162 appbuild/link_ring_buffer.o
                0x08004f74                ring_buffer_write
 .text.ring_buffer_read
                0x080050d6      0x104 appbuild/link_ring_buffer.o
                0x080050d6                ring_buffer_read
 *fill*         0x080051da        0x2 
 .text.osal_install
                0x080051dc       0x34 appbuild/osal.o
                0x080051dc                osal_install
 .text.osal_task_create
                0x08005210       0x5c appbuild/osal.o
                0x08005210                osal_task_create
 .text.osal_task_sleep
                0x0800526c       0x40 appbuild/osal.o
                0x0800526c                osal_task_sleep
 .text.osal_malloc
                0x080052ac       0x48 appbuild/osal.o
                0x080052ac                osal_malloc
 .text.osal_free
                0x080052f4       0x40 appbuild/osal.o
                0x080052f4                osal_free
 .text.osal_realloc
                0x08005334       0x4c appbuild/osal.o
                0x08005334                osal_realloc
 .text.osal_calloc
                0x08005380       0x3c appbuild/osal.o
                0x08005380                osal_calloc
 .text.osal_reboot
                0x080053bc       0x44 appbuild/osal.o
                0x080053bc                osal_reboot
 .text.osal_init
                0x08005400       0x1c appbuild/osal.o
                0x08005400                osal_init
 .text.LOS_StartToRun
                0x0800541c       0x68 appbuild/los_dispatch.o
                0x0800541c                LOS_StartToRun
 .text.LOS_IntLock
                0x08005484        0xc appbuild/los_dispatch.o
                0x08005484                LOS_IntLock
 .text.LOS_IntRestore
                0x08005490        0x8 appbuild/los_dispatch.o
                0x08005490                LOS_IntRestore
 .text.osTaskSchedule
                0x08005498       0x10 appbuild/los_dispatch.o
                0x08005498                osTaskSchedule
 .text.PendSV_Handler
                0x080054a8       0x74 appbuild/los_dispatch.o
                0x080054a8                PendSV_Handler
 .text.__NVIC_SetPriority
                0x0800551c       0x54 appbuild/los_hw_tick.o
 .text.SysTick_Config
                0x08005570       0x44 appbuild/los_hw_tick.o
 .text.osTickStart
                0x080055b4       0x9c appbuild/los_hw_tick.o
                0x080055b4                osTickStart
 .text.__NVIC_SetPriorityGrouping
                0x08005650       0x48 appbuild/los_hwi.o
 .text.__NVIC_EnableIRQ
                0x08005698       0x3c appbuild/los_hwi.o
 .text.__NVIC_SetPriority
                0x080056d4       0x54 appbuild/los_hwi.o
 .text.osIntNumGet
                0x08005728       0x1a appbuild/los_hwi.o
                0x08005728                osIntNumGet
 *fill*         0x08005742        0x2 
 .text.osHwiDefaultHandler
                0x08005744       0x28 appbuild/los_hwi.o
                0x08005744                osHwiDefaultHandler
 .text.Debug_Handler
                0x0800576c        0xc appbuild/los_hwi.o
                0x0800576c                Debug_Handler
 .text.osInterrupt
                0x08005778       0x6c appbuild/los_hwi.o
                0x08005778                osInterrupt
 .text.osHwiInit
                0x080057e4       0x1c appbuild/los_hwi.o
                0x080057e4                osHwiInit
 .text.LOS_HwiCreate
                0x08005800       0x84 appbuild/los_hwi.o
                0x08005800                LOS_HwiCreate
 .text.osSchedule
                0x08005884        0xc appbuild/los_hw.o
                0x08005884                osSchedule
 .text.LOS_Schedule
                0x08005890       0x4c appbuild/los_hw.o
                0x08005890                LOS_Schedule
 .text.osTaskExit
                0x080058dc        0x8 appbuild/los_hw.o
                0x080058dc                osTaskExit
 .text.osTskStackInit
                0x080058e4       0xdc appbuild/los_hw.o
                0x080058e4                osTskStackInit
 .text.osTskStackAlloc
                0x080059c0       0x3c appbuild/los_hw.o
                0x080059c0                osTskStackAlloc
 .text.osKernelGetTickCount
                0x080059fc       0x48 appbuild/cmsis_liteos.o
                0x080059fc                osKernelGetTickCount
 .text._malloc_r
                0x08005a44       0x1a appbuild/newlib_stub.o
                0x08005a44                _malloc_r
 .text._realloc_r
                0x08005a5e       0x1e appbuild/newlib_stub.o
                0x08005a5e                _realloc_r
 .text._calloc_r
                0x08005a7c       0x1e appbuild/newlib_stub.o
                0x08005a7c                _calloc_r
 .text._free_r  0x08005a9a       0x18 appbuild/newlib_stub.o
                0x08005a9a                _free_r
 .text.__task_sleep
                0x08005ab2       0x18 appbuild/liteos_imp.o
 .text.__task_create
                0x08005aca       0x64 appbuild/liteos_imp.o
 .text.__task_kill
                0x08005b2e       0x32 appbuild/liteos_imp.o
 .text.__task_exit
                0x08005b60        0x6 appbuild/liteos_imp.o
 .text.__mutex_create
                0x08005b66       0x22 appbuild/liteos_imp.o
 .text.__mutex_lock
                0x08005b88       0x28 appbuild/liteos_imp.o
 .text.__mutex_unlock
                0x08005bb0       0x24 appbuild/liteos_imp.o
 .text.__mutex_del
                0x08005bd4       0x24 appbuild/liteos_imp.o
 .text.__semp_create
                0x08005bf8       0x30 appbuild/liteos_imp.o
 .text.__semp_pend
                0x08005c28       0x38 appbuild/liteos_imp.o
 .text.__semp_post
                0x08005c60       0x24 appbuild/liteos_imp.o
 .text.__semp_del
                0x08005c84       0x24 appbuild/liteos_imp.o
 .text.__mem_malloc
                0x08005ca8       0x3c appbuild/liteos_imp.o
 .text.__mem_free
                0x08005ce4       0x20 appbuild/liteos_imp.o
 .text.__get_sys_time
                0x08005d04       0x12 appbuild/liteos_imp.o
 .text.liteos_reboot
                0x08005d16        0x6 appbuild/liteos_imp.o
                0x08005d16                liteos_reboot
 .text.__int_connect
                0x08005d1c       0x2c appbuild/liteos_imp.o
 .text.os_imp_init
                0x08005d48       0x24 appbuild/liteos_imp.o
                0x08005d48                os_imp_init
 .text.free     0x08005d6c       0x16 appbuild/malloc.o
                0x08005d6c                free
 .text.malloc   0x08005d82       0x18 appbuild/malloc.o
                0x08005d82                malloc
 .text.calloc   0x08005d9a       0x1c appbuild/malloc.o
                0x08005d9a                calloc
 .text.realloc  0x08005db6       0x1c appbuild/malloc.o
                0x08005db6                realloc
 *fill*         0x08005dd2        0x2 
 .text.osRegister
                0x08005dd4       0x18 appbuild/los_init.o
 .text.LOS_Start
                0x08005dec       0x38 appbuild/los_init.o
                0x08005dec                LOS_Start
 .text.LOS_KernelInit
                0x08005e24       0xd8 appbuild/los_init.o
                0x08005e24                LOS_KernelInit
 .text.osTickHandler
                0x08005efc       0x48 appbuild/los_tick.o
                0x08005efc                osTickHandler
 .text.LOS_TickCountGet
                0x08005f44       0x18 appbuild/los_sys.o
                0x08005f44                LOS_TickCountGet
 .text.osTimesliceInit
                0x08005f5c       0x20 appbuild/los_timeslice.o
                0x08005f5c                osTimesliceInit
 .text.osTimesliceCheck
                0x08005f7c       0x5c appbuild/los_timeslice.o
                0x08005f7c                osTimesliceCheck
 .text.LOS_ListInit
                0x08005fd8       0x20 appbuild/los_task.o
 .text.LOS_ListAdd
                0x08005ff8       0x32 appbuild/los_task.o
 .text.LOS_ListTailInsert
                0x0800602a       0x1e appbuild/los_task.o
 .text.LOS_ListDelete
                0x08006048       0x34 appbuild/los_task.o
 .text.LOS_ListEmpty
                0x0800607c       0x24 appbuild/los_task.o
 .text.osIdleTask
                0x080060a0        0x6 appbuild/los_task.o
                0x080060a0                osIdleTask
 .text.osTaskPriModify
                0x080060a6       0x66 appbuild/los_task.o
                0x080060a6                osTaskPriModify
 .text.osTaskAdd2TimerList
                0x0800610c      0x110 appbuild/los_task.o
                0x0800610c                osTaskAdd2TimerList
 .text.osTimerListDelete
                0x0800621c       0x64 appbuild/los_task.o
                0x0800621c                osTimerListDelete
 .text.osTaskScan
                0x08006280      0x14c appbuild/los_task.o
                0x08006280                osTaskScan
 .text.osConvertTskStatus
                0x080063cc       0xbc appbuild/los_task.o
                0x080063cc                osConvertTskStatus
 .text.osGetTaskWaterLine
                0x08006488       0x88 appbuild/los_task.o
                0x08006488                osGetTaskWaterLine
 .text.osGetAllTskInfo
                0x08006510       0xfc appbuild/los_task.o
                0x08006510                osGetAllTskInfo
 .text.osTaskInit
                0x0800660c      0x130 appbuild/los_task.o
                0x0800660c                osTaskInit
 .text.osIdleTaskCreate
                0x0800673c       0x50 appbuild/los_task.o
                0x0800673c                osIdleTaskCreate
 .text.LOS_CurTaskIDGet
                0x0800678c       0x28 appbuild/los_task.o
                0x0800678c                LOS_CurTaskIDGet
 .text.osTaskSwitchCheck
                0x080067b4      0x128 appbuild/los_task.o
                0x080067b4                osTaskSwitchCheck
 .text.osTaskMonInit
                0x080068dc       0x38 appbuild/los_task.o
                0x080068dc                osTaskMonInit
 .text.osTaskEntry
                0x08006914       0x3c appbuild/los_task.o
                0x08006914                osTaskEntry
 .text.LOS_TaskCreateOnly
                0x08006950      0x1d8 appbuild/los_task.o
                0x08006950                LOS_TaskCreateOnly
 .text.LOS_TaskCreate
                0x08006b28       0xec appbuild/los_task.o
                0x08006b28                LOS_TaskCreate
 .text.LOS_TaskDelete
                0x08006c14      0x200 appbuild/los_task.o
                0x08006c14                LOS_TaskDelete
 .text.LOS_TaskDelay
                0x08006e14       0x98 appbuild/los_task.o
                0x08006e14                LOS_TaskDelay
 .text.osTaskWait
                0x08006eac       0x74 appbuild/los_task.o
                0x08006eac                osTaskWait
 .text.osTaskWake
                0x08006f20       0x7c appbuild/los_task.o
                0x08006f20                osTaskWake
 .text.LOS_TaskYield
                0x08006f9c       0xac appbuild/los_task.o
                0x08006f9c                LOS_TaskYield
 .text.LOS_ListInit
                0x08007048       0x20 appbuild/los_priqueue.o
 .text.LOS_ListAdd
                0x08007068       0x32 appbuild/los_priqueue.o
 .text.LOS_ListTailInsert
                0x0800709a       0x1e appbuild/los_priqueue.o
 .text.LOS_ListDelete
                0x080070b8       0x34 appbuild/los_priqueue.o
 .text.LOS_ListEmpty
                0x080070ec       0x24 appbuild/los_priqueue.o
 .text.osPriqueueInit
                0x08007110       0x64 appbuild/los_priqueue.o
                0x08007110                osPriqueueInit
 .text.osPriqueueEnqueue
                0x08007174       0x54 appbuild/los_priqueue.o
                0x08007174                osPriqueueEnqueue
 .text.osPriqueueDequeue
                0x080071c8       0x54 appbuild/los_priqueue.o
                0x080071c8                osPriqueueDequeue
 .text.osPriqueueTop
                0x0800721c       0x40 appbuild/los_priqueue.o
                0x0800721c                osPriqueueTop
 .text.osPriqueueSize
                0x0800725c       0x50 appbuild/los_priqueue.o
                0x0800725c                osPriqueueSize
 .text.osSwTmrTask
                0x080072ac       0x64 appbuild/los_swtmr.o
                0x080072ac                osSwTmrTask
 .text.osSwTmrTaskCreate
                0x08007310       0x48 appbuild/los_swtmr.o
                0x08007310                osSwTmrTaskCreate
 .text.osSwTmrInit
                0x08007358       0xdc appbuild/los_swtmr.o
                0x08007358                osSwTmrInit
 .text.osSwTmrStart
                0x08007434      0x2b4 appbuild/los_swtmr.o
                0x08007434                osSwTmrStart
 .text.osSwtmrDelete
                0x080076e8       0x40 appbuild/los_swtmr.o
 .text.osSwTmrTimeoutHandle
                0x08007728       0xac appbuild/los_swtmr.o
 .text.osSwtmrScan
                0x080077d4       0x2c appbuild/los_swtmr.o
                0x080077d4                osSwtmrScan
 .text.LOS_ListInit
                0x08007800       0x20 appbuild/los_queue.o
 .text.LOS_ListAdd
                0x08007820       0x32 appbuild/los_queue.o
 .text.LOS_ListTailInsert
                0x08007852       0x1e appbuild/los_queue.o
 .text.LOS_ListDelete
                0x08007870       0x34 appbuild/los_queue.o
 .text.LOS_ListEmpty
                0x080078a4       0x24 appbuild/los_queue.o
 .text.osQueueInit
                0x080078c8       0x8c appbuild/los_queue.o
                0x080078c8                osQueueInit
 .text.LOS_QueueCreate
                0x08007954      0x11c appbuild/los_queue.o
                0x08007954                LOS_QueueCreate
 .text.osQueueReadParameterCheck
                0x08007a70       0x64 appbuild/los_queue.o
 .text.osQueueWriteParameterCheck
                0x08007ad4       0x5c appbuild/los_queue.o
 .text.osQueueBufferOperate
                0x08007b30      0x148 appbuild/los_queue.o
 .text.osQueueOperate
                0x08007c78      0x1d0 appbuild/los_queue.o
                0x08007c78                osQueueOperate
 .text.LOS_QueueReadCopy
                0x08007e48       0x44 appbuild/los_queue.o
                0x08007e48                LOS_QueueReadCopy
 .text.LOS_QueueWriteCopy
                0x08007e8c       0x46 appbuild/los_queue.o
                0x08007e8c                LOS_QueueWriteCopy
 .text.LOS_ListInit
                0x08007ed2       0x20 appbuild/los_sem.o
 .text.LOS_ListAdd
                0x08007ef2       0x32 appbuild/los_sem.o
 .text.LOS_ListTailInsert
                0x08007f24       0x1e appbuild/los_sem.o
 .text.LOS_ListDelete
                0x08007f42       0x34 appbuild/los_sem.o
 .text.LOS_ListEmpty
                0x08007f76       0x24 appbuild/los_sem.o
 *fill*         0x08007f9a        0x2 
 .text.osSemInit
                0x08007f9c       0x7c appbuild/los_sem.o
                0x08007f9c                osSemInit
 .text.osSemCreate
                0x08008018       0xc4 appbuild/los_sem.o
                0x08008018                osSemCreate
 .text.LOS_SemDelete
                0x080080dc       0xc4 appbuild/los_sem.o
                0x080080dc                LOS_SemDelete
 .text.LOS_SemPend
                0x080081a0      0x15c appbuild/los_sem.o
                0x080081a0                LOS_SemPend
 .text.LOS_SemPost
                0x080082fc       0xd0 appbuild/los_sem.o
                0x080082fc                LOS_SemPost
 .text.LOS_ListInit
                0x080083cc       0x20 appbuild/los_mux.o
 .text.LOS_ListAdd
                0x080083ec       0x32 appbuild/los_mux.o
 .text.LOS_ListTailInsert
                0x0800841e       0x1e appbuild/los_mux.o
 .text.LOS_ListDelete
                0x0800843c       0x34 appbuild/los_mux.o
 .text.LOS_ListEmpty
                0x08008470       0x24 appbuild/los_mux.o
 .text.osMuxInit
                0x08008494       0x70 appbuild/los_mux.o
                0x08008494                osMuxInit
 .text.LOS_MuxCreate
                0x08008504       0xb8 appbuild/los_mux.o
                0x08008504                LOS_MuxCreate
 .text.LOS_MuxDelete
                0x080085bc       0xc0 appbuild/los_mux.o
                0x080085bc                LOS_MuxDelete
 .text.LOS_MuxPend
                0x0800867c      0x1ac appbuild/los_mux.o
                0x0800867c                LOS_MuxPend
 .text.LOS_MuxPost
                0x08008828      0x120 appbuild/los_mux.o
                0x08008828                LOS_MuxPost
 .text.LOS_MemInit
                0x08008948       0x6a appbuild/los_memory.o
                0x08008948                LOS_MemInit
 *fill*         0x080089b2        0x2 
 .text.osMemSystemInit
                0x080089b4       0x78 appbuild/los_memory.o
                0x080089b4                osMemSystemInit
 .text.osHeapAllocAlign
                0x08008a2c       0x20 appbuild/los_memory.o
                0x08008a2c                osHeapAllocAlign
 .text.osHeapAlloc
                0x08008a4c       0x1c appbuild/los_memory.o
                0x08008a4c                osHeapAlloc
 .text.osHeapFree
                0x08008a68       0x26 appbuild/los_memory.o
                0x08008a68                osHeapFree
 .text.LOS_MemAlloc
                0x08008a8e       0x46 appbuild/los_memory.o
                0x08008a8e                LOS_MemAlloc
 .text.LOS_MemAllocAlign
                0x08008ad4       0x20 appbuild/los_memory.o
                0x08008ad4                LOS_MemAllocAlign
 .text.LOS_MemFree
                0x08008af4       0x4c appbuild/los_memory.o
                0x08008af4                LOS_MemFree
 .text.osSlabCtrlHdrGet
                0x08008b40       0x1a appbuild/los_memory.o
                0x08008b40                osSlabCtrlHdrGet
 *fill*         0x08008b5a        0x2 
 .text.LOS_MemInfo
                0x08008b5c       0x3c appbuild/los_memory.o
                0x08008b5c                LOS_MemInfo
 .text.dlist_init
                0x08008b98       0x22 appbuild/los_heap.o
 .text.__dlist_add_at
                0x08008bba       0x30 appbuild/los_heap.o
 .text.dlist_add_tail
                0x08008bea       0x20 appbuild/los_heap.o
 .text.dlist_del
                0x08008c0a       0x28 appbuild/los_heap.o
 .text.dlist_empty
                0x08008c32       0x24 appbuild/los_heap.o
 .text.__is_free
                0x08008c56       0x26 appbuild/los_heap.o
 .text.__set_chunk_allocated
                0x08008c7c       0x20 appbuild/los_heap.o
 .text.__set_chunk_free
                0x08008c9c       0x20 appbuild/los_heap.o
 .text.__get_next_chunk
                0x08008cbc       0x20 appbuild/los_heap.o
 .text.__get_prev_chunk
                0x08008cdc       0x18 appbuild/los_heap.o
 .text.__get_mem_block
                0x08008cf4       0x18 appbuild/los_heap.o
 .text.__get_ach_from_mem
                0x08008d0c       0x2e appbuild/los_heap.o
 .text.__set_ach_to_mem
                0x08008d3a       0x1e appbuild/los_heap.o
 .text.__cm_init
                0x08008d58       0x16 appbuild/los_heap.o
 .text.__get_fl_idx
                0x08008d6e       0x1e appbuild/los_heap.o
 .text.__get_sl_idx
                0x08008d8c       0x22 appbuild/los_heap.o
 .text.__cm_put_chunk
                0x08008dae       0xcc appbuild/los_heap.o
 .text.__cm_del_chunk
                0x08008e7a       0xdc appbuild/los_heap.o
 .text.__cm_get_chunk
                0x08008f56       0xce appbuild/los_heap.o
 .text.__get_max_free
                0x08009024       0xb6 appbuild/los_heap.o
 .text.__stat_chunk_add
                0x080090da       0x32 appbuild/los_heap.o
 .text.__stat_chunk_del
                0x0800910c       0x32 appbuild/los_heap.o
 .text.__stat_chunk_alloc
                0x0800913e       0x74 appbuild/los_heap.o
 .text.__stat_chunk_free
                0x080091b2       0x60 appbuild/los_heap.o
 .text.__put_chunk
                0x08009212       0x38 appbuild/los_heap.o
 .text.__del_chunk
                0x0800924a       0x2a appbuild/los_heap.o
 .text.__get_chunk
                0x08009274       0x2e appbuild/los_heap.o
 .text.heap_init
                0x080092a2       0x4a appbuild/los_heap.o
                0x080092a2                heap_init
 .text.heap_add
                0x080092ec      0x10a appbuild/los_heap.o
                0x080092ec                heap_add
 .text.__carve_extra
                0x080093f6       0xf6 appbuild/los_heap.o
 .text.heap_alloc_align
                0x080094ec       0xac appbuild/los_heap.o
                0x080094ec                heap_alloc_align
 .text.heap_alloc
                0x08009598       0x1e appbuild/los_heap.o
                0x08009598                heap_alloc
 .text.heap_free
                0x080095b6       0xdc appbuild/los_heap.o
                0x080095b6                heap_free
 *fill*         0x08009692        0x2 
 .text.__dump_block
                0x08009694       0x74 appbuild/los_heap.o
 .text.__dump_heap
                0x08009708      0x140 appbuild/los_heap.o
                0x08009708                __dump_heap
 .text.osAtomicBitsetGetNumBits
                0x08009848       0x18 appbuild/los_slab.o
                0x08009848                osAtomicBitsetGetNumBits
 .text.osAtomicBitsetGetBit
                0x08009860       0x48 appbuild/los_slab.o
                0x08009860                osAtomicBitsetGetBit
 .text.osAtomicBitsetClearBit
                0x080098a8       0x48 appbuild/los_slab.o
                0x080098a8                osAtomicBitsetClearBit
 .text.osAtomicBitsetFindClearAndSet
                0x080098f0       0x8e appbuild/los_slab.o
                0x080098f0                osAtomicBitsetFindClearAndSet
 .text.osSlabAllocatorAlloc
                0x0800997e       0x36 appbuild/los_slab.o
                0x0800997e                osSlabAllocatorAlloc
 .text.osSlabAllocatorFree
                0x080099b4       0x76 appbuild/los_slab.o
                0x080099b4                osSlabAllocatorFree
 .text.osSlabBlockHeadFill
                0x08009a2a       0x30 appbuild/los_slabmem.o
                0x08009a2a                osSlabBlockHeadFill
 .text.osSlabMemAlloc
                0x08009a5a       0xee appbuild/los_slabmem.o
                0x08009a5a                osSlabMemAlloc
 .text.osSlabMemFree
                0x08009b48       0xaa appbuild/los_slabmem.o
                0x08009b48                osSlabMemFree
 .text.LOS_Align
                0x08009bf2       0x3c appbuild/los_misc.o
                0x08009bf2                LOS_Align
 *fill*         0x08009c2e        0x2 
 .text.LOS_ErrHandle
                0x08009c30       0x48 appbuild/los_err.o
                0x08009c30                LOS_ErrHandle
 .text.shell_cmd_help
                0x08009c78       0xf8 appbuild/shell_cmd.o
 .text.shell_cmd_match
                0x08009d70       0x9c appbuild/shell_cmd.o
 .text.shell_cmd_index
                0x08009e0c       0xec appbuild/shell_cmd.o
                0x08009e0c                shell_cmd_index
 .text.shell_cmd_execute
                0x08009ef8      0x104 appbuild/shell_cmd.o
                0x08009ef8                shell_cmd_execute
 .text.shell_cmd_init
                0x08009ffc       0x4c appbuild/shell_cmd.o
                0x08009ffc                shell_cmd_init
 .text.os_shell_version
                0x0800a048       0x24 appbuild/shell_cmd.o
 .text.shell_get_char
                0x0800a06c        0xe appbuild/shell_main.o
 *fill*         0x0800a07a        0x2 
 .text.shell_put_char
                0x0800a07c       0x28 appbuild/shell_main.o
 .text.shell_put_string
                0x0800a0a4       0x3e appbuild/shell_main.o
 *fill*         0x0800a0e2        0x2 
 .text.shell_put_index
                0x0800a0e4       0x14 appbuild/shell_main.o
 .text.shell_put_backspace
                0x0800a0f8       0x38 appbuild/shell_main.o
 .text.shell_put_space
                0x0800a130       0x2e appbuild/shell_main.o
 .text.shell_moves_cursor_right
                0x0800a15e       0x52 appbuild/shell_main.o
 .text.shell_bell
                0x0800a1b0        0xe appbuild/shell_main.o
 .text.shell_moves_cursor_left
                0x0800a1be       0x2e appbuild/shell_main.o
 .text.shell_cachecmd
                0x0800a1ec       0x9e appbuild/shell_main.o
 .text.shell_insert_string
                0x0800a28a       0xb6 appbuild/shell_main.o
 .text.shell_server_entry
                0x0800a340      0x5f8 appbuild/shell_main.o
 .text.shell_init
                0x0800a938       0x30 appbuild/shell_main.o
                0x0800a938                shell_init
 .text.shell_taskinfo
                0x0800a968       0x18 appbuild/shell_test.o
 .text.shell_heapinfo
                0x0800a980       0x1c appbuild/shell_test.o
 .text.shell_reboot
                0x0800a99c       0x24 appbuild/shell_test.o
 .text.linkmain_version
                0x0800a9c0       0x3c appbuild/link_main.o
                0x0800a9c0                linkmain_version
 .text.link_main
                0x0800a9fc       0x48 appbuild/link_main.o
                0x0800a9fc                link_main
 .text.user_task1_entry
                0x0800aa44       0x50 appbuild/osal_task_demo.o
 .text.user_task2_entry
                0x0800aa94       0x24 appbuild/osal_task_demo.o
 .text.standard_app_demo_main
                0x0800aab8       0x64 appbuild/osal_task_demo.o
                0x0800aab8                standard_app_demo_main
 .text.__sflush_r
                0x0800ab1c      0x10c c:/users/ly/opensourcetools/gnu tools arm embedded/7 2018-q2-update/bin/../lib/gcc/arm-none-eabi/7.3.1/../../../../arm-none-eabi/lib/thumb/v7e-m/fpv4-sp/hard\libc_nano.a(lib_a-fflush.o)
                0x0800ab1c                __sflush_r
 .text._fflush_r
                0x0800ac28       0x54 c:/users/ly/opensourcetools/gnu tools arm embedded/7 2018-q2-update/bin/../lib/gcc/arm-none-eabi/7.3.1/../../../../arm-none-eabi/lib/thumb/v7e-m/fpv4-sp/hard\libc_nano.a(lib_a-fflush.o)
                0x0800ac28                _fflush_r
 .text.fflush   0x0800ac7c       0x24 c:/users/ly/opensourcetools/gnu tools arm embedded/7 2018-q2-update/bin/../lib/gcc/arm-none-eabi/7.3.1/../../../../arm-none-eabi/lib/thumb/v7e-m/fpv4-sp/hard\libc_nano.a(lib_a-fflush.o)
                0x0800ac7c                fflush
 .text.std      0x0800aca0       0x48 c:/users/ly/opensourcetools/gnu tools arm embedded/7 2018-q2-update/bin/../lib/gcc/arm-none-eabi/7.3.1/../../../../arm-none-eabi/lib/thumb/v7e-m/fpv4-sp/hard\libc_nano.a(lib_a-findfp.o)
 .text._cleanup_r
                0x0800ace8        0xc c:/users/ly/opensourcetools/gnu tools arm embedded/7 2018-q2-update/bin/../lib/gcc/arm-none-eabi/7.3.1/../../../../arm-none-eabi/lib/thumb/v7e-m/fpv4-sp/hard\libc_nano.a(lib_a-findfp.o)
                0x0800ace8                _cleanup_r
 .text.__sfmoreglue
                0x0800acf4       0x2c c:/users/ly/opensourcetools/gnu tools arm embedded/7 2018-q2-update/bin/../lib/gcc/arm-none-eabi/7.3.1/../../../../arm-none-eabi/lib/thumb/v7e-m/fpv4-sp/hard\libc_nano.a(lib_a-findfp.o)
                0x0800acf4                __sfmoreglue
 .text.__sinit  0x0800ad20       0x60 c:/users/ly/opensourcetools/gnu tools arm embedded/7 2018-q2-update/bin/../lib/gcc/arm-none-eabi/7.3.1/../../../../arm-none-eabi/lib/thumb/v7e-m/fpv4-sp/hard\libc_nano.a(lib_a-findfp.o)
                0x0800ad20                __sinit
 .text.__sfp    0x0800ad80       0x78 c:/users/ly/opensourcetools/gnu tools arm embedded/7 2018-q2-update/bin/../lib/gcc/arm-none-eabi/7.3.1/../../../../arm-none-eabi/lib/thumb/v7e-m/fpv4-sp/hard\libc_nano.a(lib_a-findfp.o)
                0x0800ad80                __sfp
 .text._fwalk   0x0800adf8       0x38 c:/users/ly/opensourcetools/gnu tools arm embedded/7 2018-q2-update/bin/../lib/gcc/arm-none-eabi/7.3.1/../../../../arm-none-eabi/lib/thumb/v7e-m/fpv4-sp/hard\libc_nano.a(lib_a-fwalk.o)
                0x0800adf8                _fwalk
 .text._fwalk_reent
                0x0800ae30       0x3c c:/users/ly/opensourcetools/gnu tools arm embedded/7 2018-q2-update/bin/../lib/gcc/arm-none-eabi/7.3.1/../../../../arm-none-eabi/lib/thumb/v7e-m/fpv4-sp/hard\libc_nano.a(lib_a-fwalk.o)
                0x0800ae30                _fwalk_reent
 .text.getchar  0x0800ae6c       0x24 c:/users/ly/opensourcetools/gnu tools arm embedded/7 2018-q2-update/bin/../lib/gcc/arm-none-eabi/7.3.1/../../../../arm-none-eabi/lib/thumb/v7e-m/fpv4-sp/hard\libc_nano.a(lib_a-getchar.o)
                0x0800ae6c                getchar
 .text.__libc_init_array
                0x0800ae90       0x48 c:/users/ly/opensourcetools/gnu tools arm embedded/7 2018-q2-update/bin/../lib/gcc/arm-none-eabi/7.3.1/../../../../arm-none-eabi/lib/thumb/v7e-m/fpv4-sp/hard\libc_nano.a(lib_a-init.o)
                0x0800ae90                __libc_init_array
 .text.memcpy   0x0800aed8       0x16 c:/users/ly/opensourcetools/gnu tools arm embedded/7 2018-q2-update/bin/../lib/gcc/arm-none-eabi/7.3.1/../../../../arm-none-eabi/lib/thumb/v7e-m/fpv4-sp/hard\libc_nano.a(lib_a-memcpy-stub.o)
                0x0800aed8                memcpy
 .text.memset   0x0800aeee       0x10 c:/users/ly/opensourcetools/gnu tools arm embedded/7 2018-q2-update/bin/../lib/gcc/arm-none-eabi/7.3.1/../../../../arm-none-eabi/lib/thumb/v7e-m/fpv4-sp/hard\libc_nano.a(lib_a-memset.o)
                0x0800aeee                memset
 .text.__cvt    0x0800aefe       0xc2 c:/users/ly/opensourcetools/gnu tools arm embedded/7 2018-q2-update/bin/../lib/gcc/arm-none-eabi/7.3.1/../../../../arm-none-eabi/lib/thumb/v7e-m/fpv4-sp/hard\libc_nano.a(lib_a-nano-vfprintf_float.o)
                0x0800aefe                __cvt
 .text.__exponent
                0x0800afc0       0x66 c:/users/ly/opensourcetools/gnu tools arm embedded/7 2018-q2-update/bin/../lib/gcc/arm-none-eabi/7.3.1/../../../../arm-none-eabi/lib/thumb/v7e-m/fpv4-sp/hard\libc_nano.a(lib_a-nano-vfprintf_float.o)
                0x0800afc0                __exponent
 *fill*         0x0800b026        0x2 
 .text._printf_float
                0x0800b028      0x480 c:/users/ly/opensourcetools/gnu tools arm embedded/7 2018-q2-update/bin/../lib/gcc/arm-none-eabi/7.3.1/../../../../arm-none-eabi/lib/thumb/v7e-m/fpv4-sp/hard\libc_nano.a(lib_a-nano-vfprintf_float.o)
                0x0800b028                _printf_float
 .text._printf_common
                0x0800b4a8       0xea c:/users/ly/opensourcetools/gnu tools arm embedded/7 2018-q2-update/bin/../lib/gcc/arm-none-eabi/7.3.1/../../../../arm-none-eabi/lib/thumb/v7e-m/fpv4-sp/hard\libc_nano.a(lib_a-nano-vfprintf_i.o)
                0x0800b4a8                _printf_common
 *fill*         0x0800b592        0x2 
 .text._printf_i
                0x0800b594      0x224 c:/users/ly/opensourcetools/gnu tools arm embedded/7 2018-q2-update/bin/../lib/gcc/arm-none-eabi/7.3.1/../../../../arm-none-eabi/lib/thumb/v7e-m/fpv4-sp/hard\libc_nano.a(lib_a-nano-vfprintf_i.o)
                0x0800b594                _printf_i
 .text.printf   0x0800b7b8       0x30 c:/users/ly/opensourcetools/gnu tools arm embedded/7 2018-q2-update/bin/../lib/gcc/arm-none-eabi/7.3.1/../../../../arm-none-eabi/lib/thumb/v7e-m/fpv4-sp/hard\libc_nano.a(lib_a-printf.o)
                0x0800b7b8                iprintf
                0x0800b7b8                printf
 .text.putchar  0x0800b7e8       0x28 c:/users/ly/opensourcetools/gnu tools arm embedded/7 2018-q2-update/bin/../lib/gcc/arm-none-eabi/7.3.1/../../../../arm-none-eabi/lib/thumb/v7e-m/fpv4-sp/hard\libc_nano.a(lib_a-putchar.o)
                0x0800b7e8                putchar
 .text._puts_r  0x0800b810       0xb8 c:/users/ly/opensourcetools/gnu tools arm embedded/7 2018-q2-update/bin/../lib/gcc/arm-none-eabi/7.3.1/../../../../arm-none-eabi/lib/thumb/v7e-m/fpv4-sp/hard\libc_nano.a(lib_a-puts.o)
                0x0800b810                _puts_r
 .text.puts     0x0800b8c8       0x10 c:/users/ly/opensourcetools/gnu tools arm embedded/7 2018-q2-update/bin/../lib/gcc/arm-none-eabi/7.3.1/../../../../arm-none-eabi/lib/thumb/v7e-m/fpv4-sp/hard\libc_nano.a(lib_a-puts.o)
                0x0800b8c8                puts
 .text.snprintf
                0x0800b8d8       0x68 c:/users/ly/opensourcetools/gnu tools arm embedded/7 2018-q2-update/bin/../lib/gcc/arm-none-eabi/7.3.1/../../../../arm-none-eabi/lib/thumb/v7e-m/fpv4-sp/hard\libc_nano.a(lib_a-snprintf.o)
                0x0800b8d8                sniprintf
                0x0800b8d8                snprintf
 .text.__sread  0x0800b940       0x22 c:/users/ly/opensourcetools/gnu tools arm embedded/7 2018-q2-update/bin/../lib/gcc/arm-none-eabi/7.3.1/../../../../arm-none-eabi/lib/thumb/v7e-m/fpv4-sp/hard\libc_nano.a(lib_a-stdio.o)
                0x0800b940                __sread
 .text.__swrite
                0x0800b962       0x38 c:/users/ly/opensourcetools/gnu tools arm embedded/7 2018-q2-update/bin/../lib/gcc/arm-none-eabi/7.3.1/../../../../arm-none-eabi/lib/thumb/v7e-m/fpv4-sp/hard\libc_nano.a(lib_a-stdio.o)
                0x0800b962                __swrite
 .text.__sseek  0x0800b99a       0x24 c:/users/ly/opensourcetools/gnu tools arm embedded/7 2018-q2-update/bin/../lib/gcc/arm-none-eabi/7.3.1/../../../../arm-none-eabi/lib/thumb/v7e-m/fpv4-sp/hard\libc_nano.a(lib_a-stdio.o)
                0x0800b99a                __sseek
 .text.__sclose
                0x0800b9be        0x8 c:/users/ly/opensourcetools/gnu tools arm embedded/7 2018-q2-update/bin/../lib/gcc/arm-none-eabi/7.3.1/../../../../arm-none-eabi/lib/thumb/v7e-m/fpv4-sp/hard\libc_nano.a(lib_a-stdio.o)
                0x0800b9be                __sclose
 .text.strcpy   0x0800b9c6       0x10 c:/users/ly/opensourcetools/gnu tools arm embedded/7 2018-q2-update/bin/../lib/gcc/arm-none-eabi/7.3.1/../../../../arm-none-eabi/lib/thumb/v7e-m/fpv4-sp/hard\libc_nano.a(lib_a-strcpy.o)
                0x0800b9c6                strcpy
 .text.strncmp  0x0800b9d6       0x24 c:/users/ly/opensourcetools/gnu tools arm embedded/7 2018-q2-update/bin/../lib/gcc/arm-none-eabi/7.3.1/../../../../arm-none-eabi/lib/thumb/v7e-m/fpv4-sp/hard\libc_nano.a(lib_a-strncmp.o)
                0x0800b9d6                strncmp
 .text.strncpy  0x0800b9fa       0x2a c:/users/ly/opensourcetools/gnu tools arm embedded/7 2018-q2-update/bin/../lib/gcc/arm-none-eabi/7.3.1/../../../../arm-none-eabi/lib/thumb/v7e-m/fpv4-sp/hard\libc_nano.a(lib_a-strncpy.o)
                0x0800b9fa                strncpy
 .text._strtol_l.isra.0
                0x0800ba24       0xf6 c:/users/ly/opensourcetools/gnu tools arm embedded/7 2018-q2-update/bin/../lib/gcc/arm-none-eabi/7.3.1/../../../../arm-none-eabi/lib/thumb/v7e-m/fpv4-sp/hard\libc_nano.a(lib_a-strtol.o)
 *fill*         0x0800bb1a        0x2 
 .text.strtol   0x0800bb1c       0x2c c:/users/ly/opensourcetools/gnu tools arm embedded/7 2018-q2-update/bin/../lib/gcc/arm-none-eabi/7.3.1/../../../../arm-none-eabi/lib/thumb/v7e-m/fpv4-sp/hard\libc_nano.a(lib_a-strtol.o)
                0x0800bb1c                strtol
 .text.__swbuf_r
                0x0800bb48       0xa4 c:/users/ly/opensourcetools/gnu tools arm embedded/7 2018-q2-update/bin/../lib/gcc/arm-none-eabi/7.3.1/../../../../arm-none-eabi/lib/thumb/v7e-m/fpv4-sp/hard\libc_nano.a(lib_a-wbuf.o)
                0x0800bb48                __swbuf_r
 .text._write_r
                0x0800bbec       0x24 c:/users/ly/opensourcetools/gnu tools arm embedded/7 2018-q2-update/bin/../lib/gcc/arm-none-eabi/7.3.1/../../../../arm-none-eabi/lib/thumb/v7e-m/fpv4-sp/hard\libc_nano.a(lib_a-writer.o)
                0x0800bbec                _write_r
 .text.__swsetup_r
                0x0800bc10       0xdc c:/users/ly/opensourcetools/gnu tools arm embedded/7 2018-q2-update/bin/../lib/gcc/arm-none-eabi/7.3.1/../../../../arm-none-eabi/lib/thumb/v7e-m/fpv4-sp/hard\libc_nano.a(lib_a-wsetup.o)
                0x0800bc10                __swsetup_r
 .text._close_r
                0x0800bcec       0x20 c:/users/ly/opensourcetools/gnu tools arm embedded/7 2018-q2-update/bin/../lib/gcc/arm-none-eabi/7.3.1/../../../../arm-none-eabi/lib/thumb/v7e-m/fpv4-sp/hard\libc_nano.a(lib_a-closer.o)
                0x0800bcec                _close_r
 .text.quorem   0x0800bd0c      0x118 c:/users/ly/opensourcetools/gnu tools arm embedded/7 2018-q2-update/bin/../lib/gcc/arm-none-eabi/7.3.1/../../../../arm-none-eabi/lib/thumb/v7e-m/fpv4-sp/hard\libc_nano.a(lib_a-dtoa.o)
 *fill*         0x0800be24        0x4 
 .text._dtoa_r  0x0800be28      0xb70 c:/users/ly/opensourcetools/gnu tools arm embedded/7 2018-q2-update/bin/../lib/gcc/arm-none-eabi/7.3.1/../../../../arm-none-eabi/lib/thumb/v7e-m/fpv4-sp/hard\libc_nano.a(lib_a-dtoa.o)
                0x0800be28                _dtoa_r
 .text._getc_r  0x0800c998       0x58 c:/users/ly/opensourcetools/gnu tools arm embedded/7 2018-q2-update/bin/../lib/gcc/arm-none-eabi/7.3.1/../../../../arm-none-eabi/lib/thumb/v7e-m/fpv4-sp/hard\libc_nano.a(lib_a-getc.o)
                0x0800c998                _getc_r
 .text.__locale_ctype_ptr_l
                0x0800c9f0        0x6 c:/users/ly/opensourcetools/gnu tools arm embedded/7 2018-q2-update/bin/../lib/gcc/arm-none-eabi/7.3.1/../../../../arm-none-eabi/lib/thumb/v7e-m/fpv4-sp/hard\libc_nano.a(lib_a-locale.o)
                0x0800c9f0                __locale_ctype_ptr_l
 *fill*         0x0800c9f6        0x2 
 .text._localeconv_r
                0x0800c9f8       0x1c c:/users/ly/opensourcetools/gnu tools arm embedded/7 2018-q2-update/bin/../lib/gcc/arm-none-eabi/7.3.1/../../../../arm-none-eabi/lib/thumb/v7e-m/fpv4-sp/hard\libc_nano.a(lib_a-localeconv.o)
                0x0800c9f8                _localeconv_r
 .text._lseek_r
                0x0800ca14       0x24 c:/users/ly/opensourcetools/gnu tools arm embedded/7 2018-q2-update/bin/../lib/gcc/arm-none-eabi/7.3.1/../../../../arm-none-eabi/lib/thumb/v7e-m/fpv4-sp/hard\libc_nano.a(lib_a-lseekr.o)
                0x0800ca14                _lseek_r
 .text.__swhatbuf_r
                0x0800ca38       0x48 c:/users/ly/opensourcetools/gnu tools arm embedded/7 2018-q2-update/bin/../lib/gcc/arm-none-eabi/7.3.1/../../../../arm-none-eabi/lib/thumb/v7e-m/fpv4-sp/hard\libc_nano.a(lib_a-makebuf.o)
                0x0800ca38                __swhatbuf_r
 .text.__smakebuf_r
                0x0800ca80       0x80 c:/users/ly/opensourcetools/gnu tools arm embedded/7 2018-q2-update/bin/../lib/gcc/arm-none-eabi/7.3.1/../../../../arm-none-eabi/lib/thumb/v7e-m/fpv4-sp/hard\libc_nano.a(lib_a-makebuf.o)
                0x0800ca80                __smakebuf_r
 .text.__ascii_mbtowc
                0x0800cb00       0x24 c:/users/ly/opensourcetools/gnu tools arm embedded/7 2018-q2-update/bin/../lib/gcc/arm-none-eabi/7.3.1/../../../../arm-none-eabi/lib/thumb/v7e-m/fpv4-sp/hard\libc_nano.a(lib_a-mbtowc_r.o)
                0x0800cb00                __ascii_mbtowc
 .text._Balloc  0x0800cb24       0x68 c:/users/ly/opensourcetools/gnu tools arm embedded/7 2018-q2-update/bin/../lib/gcc/arm-none-eabi/7.3.1/../../../../arm-none-eabi/lib/thumb/v7e-m/fpv4-sp/hard\libc_nano.a(lib_a-mprec.o)
                0x0800cb24                _Balloc
 .text._Bfree   0x0800cb8c       0x2e c:/users/ly/opensourcetools/gnu tools arm embedded/7 2018-q2-update/bin/../lib/gcc/arm-none-eabi/7.3.1/../../../../arm-none-eabi/lib/thumb/v7e-m/fpv4-sp/hard\libc_nano.a(lib_a-mprec.o)
                0x0800cb8c                _Bfree
 .text.__multadd
                0x0800cbba       0x76 c:/users/ly/opensourcetools/gnu tools arm embedded/7 2018-q2-update/bin/../lib/gcc/arm-none-eabi/7.3.1/../../../../arm-none-eabi/lib/thumb/v7e-m/fpv4-sp/hard\libc_nano.a(lib_a-mprec.o)
                0x0800cbba                __multadd
 .text.__hi0bits
                0x0800cc30       0x3e c:/users/ly/opensourcetools/gnu tools arm embedded/7 2018-q2-update/bin/../lib/gcc/arm-none-eabi/7.3.1/../../../../arm-none-eabi/lib/thumb/v7e-m/fpv4-sp/hard\libc_nano.a(lib_a-mprec.o)
                0x0800cc30                __hi0bits
 .text.__lo0bits
                0x0800cc6e       0x5e c:/users/ly/opensourcetools/gnu tools arm embedded/7 2018-q2-update/bin/../lib/gcc/arm-none-eabi/7.3.1/../../../../arm-none-eabi/lib/thumb/v7e-m/fpv4-sp/hard\libc_nano.a(lib_a-mprec.o)
                0x0800cc6e                __lo0bits
 .text.__i2b    0x0800cccc       0x12 c:/users/ly/opensourcetools/gnu tools arm embedded/7 2018-q2-update/bin/../lib/gcc/arm-none-eabi/7.3.1/../../../../arm-none-eabi/lib/thumb/v7e-m/fpv4-sp/hard\libc_nano.a(lib_a-mprec.o)
                0x0800cccc                __i2b
 .text.__multiply
                0x0800ccde      0x12c c:/users/ly/opensourcetools/gnu tools arm embedded/7 2018-q2-update/bin/../lib/gcc/arm-none-eabi/7.3.1/../../../../arm-none-eabi/lib/thumb/v7e-m/fpv4-sp/hard\libc_nano.a(lib_a-mprec.o)
                0x0800ccde                __multiply
 *fill*         0x0800ce0a        0x2 
 .text.__pow5mult
                0x0800ce0c       0x9c c:/users/ly/opensourcetools/gnu tools arm embedded/7 2018-q2-update/bin/../lib/gcc/arm-none-eabi/7.3.1/../../../../arm-none-eabi/lib/thumb/v7e-m/fpv4-sp/hard\libc_nano.a(lib_a-mprec.o)
                0x0800ce0c                __pow5mult
 .text.__lshift
                0x0800cea8       0xa8 c:/users/ly/opensourcetools/gnu tools arm embedded/7 2018-q2-update/bin/../lib/gcc/arm-none-eabi/7.3.1/../../../../arm-none-eabi/lib/thumb/v7e-m/fpv4-sp/hard\libc_nano.a(lib_a-mprec.o)
                0x0800cea8                __lshift
 .text.__mcmp   0x0800cf50       0x34 c:/users/ly/opensourcetools/gnu tools arm embedded/7 2018-q2-update/bin/../lib/gcc/arm-none-eabi/7.3.1/../../../../arm-none-eabi/lib/thumb/v7e-m/fpv4-sp/hard\libc_nano.a(lib_a-mprec.o)
                0x0800cf50                __mcmp
 .text.__mdiff  0x0800cf84       0xba c:/users/ly/opensourcetools/gnu tools arm embedded/7 2018-q2-update/bin/../lib/gcc/arm-none-eabi/7.3.1/../../../../arm-none-eabi/lib/thumb/v7e-m/fpv4-sp/hard\libc_nano.a(lib_a-mprec.o)
                0x0800cf84                __mdiff
 .text.__d2b    0x0800d03e       0x9e c:/users/ly/opensourcetools/gnu tools arm embedded/7 2018-q2-update/bin/../lib/gcc/arm-none-eabi/7.3.1/../../../../arm-none-eabi/lib/thumb/v7e-m/fpv4-sp/hard\libc_nano.a(lib_a-mprec.o)
                0x0800d03e                __d2b
 .text.__ssputs_r
                0x0800d0dc       0xb4 c:/users/ly/opensourcetools/gnu tools arm embedded/7 2018-q2-update/bin/../lib/gcc/arm-none-eabi/7.3.1/../../../../arm-none-eabi/lib/thumb/v7e-m/fpv4-sp/hard\libc_nano.a(lib_a-nano-svfprintf.o)
                0x0800d0dc                __ssputs_r
 .text._svfprintf_r
                0x0800d190      0x1f0 c:/users/ly/opensourcetools/gnu tools arm embedded/7 2018-q2-update/bin/../lib/gcc/arm-none-eabi/7.3.1/../../../../arm-none-eabi/lib/thumb/v7e-m/fpv4-sp/hard\libc_nano.a(lib_a-nano-svfprintf.o)
                0x0800d190                _svfiprintf_r
                0x0800d190                _svfprintf_r
 .text.__sfputc_r
                0x0800d380       0x2e c:/users/ly/opensourcetools/gnu tools arm embedded/7 2018-q2-update/bin/../lib/gcc/arm-none-eabi/7.3.1/../../../../arm-none-eabi/lib/thumb/v7e-m/fpv4-sp/hard\libc_nano.a(lib_a-nano-vfprintf.o)
 .text.__sfputs_r
                0x0800d3ae       0x24 c:/users/ly/opensourcetools/gnu tools arm embedded/7 2018-q2-update/bin/../lib/gcc/arm-none-eabi/7.3.1/../../../../arm-none-eabi/lib/thumb/v7e-m/fpv4-sp/hard\libc_nano.a(lib_a-nano-vfprintf.o)
                0x0800d3ae                __sfputs_r
 *fill*         0x0800d3d2        0x2 
 .text._vfprintf_r
                0x0800d3d4      0x22c c:/users/ly/opensourcetools/gnu tools arm embedded/7 2018-q2-update/bin/../lib/gcc/arm-none-eabi/7.3.1/../../../../arm-none-eabi/lib/thumb/v7e-m/fpv4-sp/hard\libc_nano.a(lib_a-nano-vfprintf.o)
                0x0800d3d4                _vfprintf_r
                0x0800d3d4                _vfiprintf_r
 .text._putc_r  0x0800d600       0x6c c:/users/ly/opensourcetools/gnu tools arm embedded/7 2018-q2-update/bin/../lib/gcc/arm-none-eabi/7.3.1/../../../../arm-none-eabi/lib/thumb/v7e-m/fpv4-sp/hard\libc_nano.a(lib_a-putc.o)
                0x0800d600                _putc_r
 .text._read_r  0x0800d66c       0x24 c:/users/ly/opensourcetools/gnu tools arm embedded/7 2018-q2-update/bin/../lib/gcc/arm-none-eabi/7.3.1/../../../../arm-none-eabi/lib/thumb/v7e-m/fpv4-sp/hard\libc_nano.a(lib_a-readr.o)
                0x0800d66c                _read_r
 .text.__srget_r
                0x0800d690       0x58 c:/users/ly/opensourcetools/gnu tools arm embedded/7 2018-q2-update/bin/../lib/gcc/arm-none-eabi/7.3.1/../../../../arm-none-eabi/lib/thumb/v7e-m/fpv4-sp/hard\libc_nano.a(lib_a-rget.o)
                0x0800d690                __srget_r
 .text.__ascii_wctomb
                0x0800d6e8       0x1a c:/users/ly/opensourcetools/gnu tools arm embedded/7 2018-q2-update/bin/../lib/gcc/arm-none-eabi/7.3.1/../../../../arm-none-eabi/lib/thumb/v7e-m/fpv4-sp/hard\libc_nano.a(lib_a-wctomb_r.o)
                0x0800d6e8                __ascii_wctomb
 *fill*         0x0800d702        0x2 
 .text._fstat_r
                0x0800d704       0x24 c:/users/ly/opensourcetools/gnu tools arm embedded/7 2018-q2-update/bin/../lib/gcc/arm-none-eabi/7.3.1/../../../../arm-none-eabi/lib/thumb/v7e-m/fpv4-sp/hard\libc_nano.a(lib_a-fstatr.o)
                0x0800d704                _fstat_r
 .text._isatty_r
                0x0800d728       0x20 c:/users/ly/opensourcetools/gnu tools arm embedded/7 2018-q2-update/bin/../lib/gcc/arm-none-eabi/7.3.1/../../../../arm-none-eabi/lib/thumb/v7e-m/fpv4-sp/hard\libc_nano.a(lib_a-isattyr.o)
                0x0800d728                _isatty_r
 .text.memmove  0x0800d748       0x32 c:/users/ly/opensourcetools/gnu tools arm embedded/7 2018-q2-update/bin/../lib/gcc/arm-none-eabi/7.3.1/../../../../arm-none-eabi/lib/thumb/v7e-m/fpv4-sp/hard\libc_nano.a(lib_a-memmove.o)
                0x0800d748                memmove
 .text.lflush   0x0800d77a       0x12 c:/users/ly/opensourcetools/gnu tools arm embedded/7 2018-q2-update/bin/../lib/gcc/arm-none-eabi/7.3.1/../../../../arm-none-eabi/lib/thumb/v7e-m/fpv4-sp/hard\libc_nano.a(lib_a-refill.o)
 .text.__srefill_r
                0x0800d78c      0x118 c:/users/ly/opensourcetools/gnu tools arm embedded/7 2018-q2-update/bin/../lib/gcc/arm-none-eabi/7.3.1/../../../../arm-none-eabi/lib/thumb/v7e-m/fpv4-sp/hard\libc_nano.a(lib_a-refill.o)
                0x0800d78c                __srefill_r
 .text._close   0x0800d8a4       0x10 c:/users/ly/opensourcetools/gnu tools arm embedded/7 2018-q2-update/bin/../lib/gcc/arm-none-eabi/7.3.1/../../../../arm-none-eabi/lib/thumb/v7e-m/fpv4-sp/hard\libnosys.a(close.o)
                0x0800d8a4                _close
 .text._fstat   0x0800d8b4       0x10 c:/users/ly/opensourcetools/gnu tools arm embedded/7 2018-q2-update/bin/../lib/gcc/arm-none-eabi/7.3.1/../../../../arm-none-eabi/lib/thumb/v7e-m/fpv4-sp/hard\libnosys.a(fstat.o)
                0x0800d8b4                _fstat
 .text._isatty  0x0800d8c4       0x10 c:/users/ly/opensourcetools/gnu tools arm embedded/7 2018-q2-update/bin/../lib/gcc/arm-none-eabi/7.3.1/../../../../arm-none-eabi/lib/thumb/v7e-m/fpv4-sp/hard\libnosys.a(isatty.o)
                0x0800d8c4                _isatty
 .text._lseek   0x0800d8d4       0x10 c:/users/ly/opensourcetools/gnu tools arm embedded/7 2018-q2-update/bin/../lib/gcc/arm-none-eabi/7.3.1/../../../../arm-none-eabi/lib/thumb/v7e-m/fpv4-sp/hard\libnosys.a(lseek.o)
                0x0800d8d4                _lseek
 *(.glue_7)
 .glue_7        0x0800d8e4        0x0 linker stubs
 *(.glue_7t)
 .glue_7t       0x0800d8e4        0x0 linker stubs
 *(.eh_frame)
 .eh_frame      0x0800d8e4        0x0 c:/users/ly/opensourcetools/gnu tools arm embedded/7 2018-q2-update/bin/../lib/gcc/arm-none-eabi/7.3.1/thumb/v7e-m/fpv4-sp/hard/crtbegin.o
 *(.init)
 .init          0x0800d8e4        0x4 c:/users/ly/opensourcetools/gnu tools arm embedded/7 2018-q2-update/bin/../lib/gcc/arm-none-eabi/7.3.1/thumb/v7e-m/fpv4-sp/hard/crti.o
                0x0800d8e4                _init
 .init          0x0800d8e8        0x8 c:/users/ly/opensourcetools/gnu tools arm embedded/7 2018-q2-update/bin/../lib/gcc/arm-none-eabi/7.3.1/thumb/v7e-m/fpv4-sp/hard/crtn.o
 *(.fini)
 .fini          0x0800d8f0        0x4 c:/users/ly/opensourcetools/gnu tools arm embedded/7 2018-q2-update/bin/../lib/gcc/arm-none-eabi/7.3.1/thumb/v7e-m/fpv4-sp/hard/crti.o
                0x0800d8f0                _fini
 .fini          0x0800d8f4        0x8 c:/users/ly/opensourcetools/gnu tools arm embedded/7 2018-q2-update/bin/../lib/gcc/arm-none-eabi/7.3.1/thumb/v7e-m/fpv4-sp/hard/crtn.o
                0x0800d900                . = ALIGN (0x8)
 *fill*         0x0800d8fc        0x4 
                0x0800d900                _etext = .

.vfp11_veneer   0x0800d900        0x0
 .vfp11_veneer  0x0800d900        0x0 linker stubs

.v4_bx          0x0800d900        0x0
 .v4_bx         0x0800d900        0x0 linker stubs

.iplt           0x0800d900        0x0
 .iplt          0x0800d900        0x0 c:/users/ly/opensourcetools/gnu tools arm embedded/7 2018-q2-update/bin/../lib/gcc/arm-none-eabi/7.3.1/thumb/v7e-m/fpv4-sp/hard/crtbegin.o

.rodata         0x0800d900     0x5848
                0x0800d900                . = ALIGN (0x4)
                0x0800d900                __oshell_start = .
 *(oshell)
 oshell         0x0800d900       0x20 appbuild/shell_cmd.o
 oshell         0x0800d920       0x30 appbuild/shell_test.o
                0x0800d950                __oshell_end = .
                0x0800d950                . = ALIGN (0x4)
                0x0800d950                __osdriv_start = .
 *(osdriv)
                0x0800d950                __osdriv_end = .
                0x0800d950                . = ALIGN (0x8)
 *(.rodata)
 .rodata        0x0800d950       0x72 appbuild/main.o
 *fill*         0x0800d9c2        0x2 
 .rodata        0x0800d9c4       0x48 appbuild/sys_init.o
 .rodata        0x0800da0c       0x43 appbuild/i2c.o
 *fill*         0x0800da4f        0x1 
 .rodata        0x0800da50       0x43 appbuild/spi.o
 *fill*         0x0800da93        0x1 
 .rodata        0x0800da94       0x16 appbuild/los_hwi.o
 *fill*         0x0800daaa        0x2 
 .rodata        0x0800daac        0x7 appbuild/liteos_imp.o
 *fill*         0x0800dab3        0x1 
 .rodata        0x0800dab4       0x72 appbuild/los_init.o
 *fill*         0x0800db26        0x2 
 .rodata        0x0800db28      0x24a appbuild/los_task.o
 *fill*         0x0800dd72        0x2 
 .rodata        0x0800dd74        0x9 appbuild/los_swtmr.o
 *fill*         0x0800dd7d        0x3 
 .rodata        0x0800dd80       0x24 appbuild/los_queue.o
 .rodata        0x0800dda4       0x5d appbuild/los_sem.o
 *fill*         0x0800de01        0x3 
 .rodata        0x0800de04       0x3d appbuild/los_mux.o
 *fill*         0x0800de41        0x3 
 .rodata        0x0800de44      0x1a3 appbuild/los_heap.o
 *fill*         0x0800dfe7        0x1 
 .rodata        0x0800dfe8       0xf9 appbuild/shell_cmd.o
 *fill*         0x0800e0e1        0x3 
 .rodata        0x0800e0e4       0x3d appbuild/shell_main.o
 *fill*         0x0800e121        0x3 
 .rodata        0x0800e124       0x2f appbuild/shell_test.o
 *fill*         0x0800e153        0x1 
 .rodata        0x0800e154       0x3f appbuild/link_main.o
 *fill*         0x0800e193        0x1 
 .rodata        0x0800e194       0x6f appbuild/osal_task_demo.o
 *(.rodata*)
 *fill*         0x0800e203        0x1 
 .rodata.asc2_1206
                0x0800e204      0x474 appbuild/lcd.o
                0x0800e204                asc2_1206
 .rodata.asc2_1608
                0x0800e678      0x5f0 appbuild/lcd.o
                0x0800e678                asc2_1608
 .rodata.asc2_2412
                0x0800ec68     0x11d0 appbuild/lcd.o
                0x0800ec68                asc2_2412
 .rodata.asc2_3216
                0x0800fe38     0x2f80 appbuild/lcd.o
                0x0800fe38                asc2_3216
 .rodata.system_phys_mem
                0x08012db8       0x10 appbuild/main.o
                0x08012db8                system_phys_mem
 .rodata.AHBPrescTable
                0x08012dc8       0x10 appbuild/system_stm32l4xx.o
                0x08012dc8                AHBPrescTable
 .rodata.APBPrescTable
                0x08012dd8        0x8 appbuild/system_stm32l4xx.o
                0x08012dd8                APBPrescTable
 .rodata.MSIRangeTable
                0x08012de0       0x30 appbuild/system_stm32l4xx.o
                0x08012de0                MSIRangeTable
 .rodata.__FUNCTION__.10827
                0x08012e10       0x14 appbuild/los_hwi.o
 .rodata.s_liteos_ops
                0x08012e24       0x58 appbuild/liteos_imp.o
 .rodata.s_link_liteos
                0x08012e7c        0x8 appbuild/liteos_imp.o
 .rodata.__sf_fake_stderr
                0x08012e84       0x20 c:/users/ly/opensourcetools/gnu tools arm embedded/7 2018-q2-update/bin/../lib/gcc/arm-none-eabi/7.3.1/../../../../arm-none-eabi/lib/thumb/v7e-m/fpv4-sp/hard\libc_nano.a(lib_a-findfp.o)
                0x08012e84                __sf_fake_stderr
 .rodata.__sf_fake_stdin
                0x08012ea4       0x20 c:/users/ly/opensourcetools/gnu tools arm embedded/7 2018-q2-update/bin/../lib/gcc/arm-none-eabi/7.3.1/../../../../arm-none-eabi/lib/thumb/v7e-m/fpv4-sp/hard\libc_nano.a(lib_a-findfp.o)
                0x08012ea4                __sf_fake_stdin
 .rodata.__sf_fake_stdout
                0x08012ec4       0x20 c:/users/ly/opensourcetools/gnu tools arm embedded/7 2018-q2-update/bin/../lib/gcc/arm-none-eabi/7.3.1/../../../../arm-none-eabi/lib/thumb/v7e-m/fpv4-sp/hard\libc_nano.a(lib_a-findfp.o)
                0x08012ec4                __sf_fake_stdout
 .rodata._global_impure_ptr
                0x08012ee4        0x4 c:/users/ly/opensourcetools/gnu tools arm embedded/7 2018-q2-update/bin/../lib/gcc/arm-none-eabi/7.3.1/../../../../arm-none-eabi/lib/thumb/v7e-m/fpv4-sp/hard\libc_nano.a(lib_a-impure.o)
                0x08012ee4                _global_impure_ptr
 .rodata._printf_float.str1.1
                0x08012ee8       0x12 c:/users/ly/opensourcetools/gnu tools arm embedded/7 2018-q2-update/bin/../lib/gcc/arm-none-eabi/7.3.1/../../../../arm-none-eabi/lib/thumb/v7e-m/fpv4-sp/hard\libc_nano.a(lib_a-nano-vfprintf_float.o)
 .rodata._printf_i.str1.1
                0x08012efa       0x22 c:/users/ly/opensourcetools/gnu tools arm embedded/7 2018-q2-update/bin/../lib/gcc/arm-none-eabi/7.3.1/../../../../arm-none-eabi/lib/thumb/v7e-m/fpv4-sp/hard\libc_nano.a(lib_a-nano-vfprintf_i.o)
 .rodata._dtoa_r.str1.1
                0x08012f1c        0xd c:/users/ly/opensourcetools/gnu tools arm embedded/7 2018-q2-update/bin/../lib/gcc/arm-none-eabi/7.3.1/../../../../arm-none-eabi/lib/thumb/v7e-m/fpv4-sp/hard\libc_nano.a(lib_a-dtoa.o)
                                  0xf (size before relaxing)
 .rodata._setlocale_r.str1.1
                0x08012f29        0x8 c:/users/ly/opensourcetools/gnu tools arm embedded/7 2018-q2-update/bin/../lib/gcc/arm-none-eabi/7.3.1/../../../../arm-none-eabi/lib/thumb/v7e-m/fpv4-sp/hard\libc_nano.a(lib_a-locale.o)
                                  0x9 (size before relaxing)
 .rodata.str1.1
                0x08012f31        0x2 c:/users/ly/opensourcetools/gnu tools arm embedded/7 2018-q2-update/bin/../lib/gcc/arm-none-eabi/7.3.1/../../../../arm-none-eabi/lib/thumb/v7e-m/fpv4-sp/hard\libc_nano.a(lib_a-locale.o)
 *fill*         0x08012f33        0x5 
 .rodata.__mprec_bigtens
                0x08012f38       0x28 c:/users/ly/opensourcetools/gnu tools arm embedded/7 2018-q2-update/bin/../lib/gcc/arm-none-eabi/7.3.1/../../../../arm-none-eabi/lib/thumb/v7e-m/fpv4-sp/hard\libc_nano.a(lib_a-mprec.o)
                0x08012f38                __mprec_bigtens
 .rodata.__mprec_tens
                0x08012f60       0xc8 c:/users/ly/opensourcetools/gnu tools arm embedded/7 2018-q2-update/bin/../lib/gcc/arm-none-eabi/7.3.1/../../../../arm-none-eabi/lib/thumb/v7e-m/fpv4-sp/hard\libc_nano.a(lib_a-mprec.o)
                0x08012f60                __mprec_tens
 .rodata.p05.7359
                0x08013028        0xc c:/users/ly/opensourcetools/gnu tools arm embedded/7 2018-q2-update/bin/../lib/gcc/arm-none-eabi/7.3.1/../../../../arm-none-eabi/lib/thumb/v7e-m/fpv4-sp/hard\libc_nano.a(lib_a-mprec.o)
 .rodata._svfprintf_r.str1.1
                0x08013034       0x11 c:/users/ly/opensourcetools/gnu tools arm embedded/7 2018-q2-update/bin/../lib/gcc/arm-none-eabi/7.3.1/../../../../arm-none-eabi/lib/thumb/v7e-m/fpv4-sp/hard\libc_nano.a(lib_a-nano-svfprintf.o)
 .rodata._vfprintf_r.str1.1
                0x08013045       0x11 c:/users/ly/opensourcetools/gnu tools arm embedded/7 2018-q2-update/bin/../lib/gcc/arm-none-eabi/7.3.1/../../../../arm-none-eabi/lib/thumb/v7e-m/fpv4-sp/hard\libc_nano.a(lib_a-nano-vfprintf.o)
 .rodata._ctype_
                0x08013045      0x101 c:/users/ly/opensourcetools/gnu tools arm embedded/7 2018-q2-update/bin/../lib/gcc/arm-none-eabi/7.3.1/../../../../arm-none-eabi/lib/thumb/v7e-m/fpv4-sp/hard\libc_nano.a(lib_a-ctype_.o)
                0x08013045                _ctype_
                0x08013148                . = ALIGN (0x8)
 *fill*         0x08013146        0x2 

.ARM.extab      0x08013148        0x0
                0x08013148                . = ALIGN (0x8)
 *(.ARM.extab* .gnu.linkonce.armextab.*)
                0x08013148                . = ALIGN (0x8)

.ARM            0x08013148        0x8
                0x08013148                . = ALIGN (0x8)
                0x08013148                __exidx_start = .
 *(.ARM.exidx*)
 .ARM.exidx     0x08013148        0x8 c:/users/ly/opensourcetools/gnu tools arm embedded/7 2018-q2-update/bin/../lib/gcc/arm-none-eabi/7.3.1/thumb/v7e-m/fpv4-sp/hard\libgcc.a(_udivmoddi4.o)
                0x08013150                __exidx_end = .
                0x08013150                . = ALIGN (0x8)

.rel.dyn        0x08013150        0x0
 .rel.iplt      0x08013150        0x0 c:/users/ly/opensourcetools/gnu tools arm embedded/7 2018-q2-update/bin/../lib/gcc/arm-none-eabi/7.3.1/thumb/v7e-m/fpv4-sp/hard/crtbegin.o

.preinit_array  0x08013150        0x0
                0x08013150                . = ALIGN (0x8)
                0x08013150                PROVIDE (__preinit_array_start = .)
 *(.preinit_array*)
                0x08013150                PROVIDE (__preinit_array_end = .)
                0x08013150                . = ALIGN (0x8)

.init_array     0x08013150        0x8
                0x08013150                . = ALIGN (0x8)
                0x08013150                PROVIDE (__init_array_start = .)
 *(SORT_BY_NAME(.init_array.*))
 *(.init_array*)
 .init_array    0x08013150        0x4 c:/users/ly/opensourcetools/gnu tools arm embedded/7 2018-q2-update/bin/../lib/gcc/arm-none-eabi/7.3.1/thumb/v7e-m/fpv4-sp/hard/crtbegin.o
                0x08013154                PROVIDE (__init_array_end = .)
                0x08013158                . = ALIGN (0x8)
 *fill*         0x08013154        0x4 

.fini_array     0x08013158        0x8
                0x08013158                . = ALIGN (0x8)
                [!provide]                PROVIDE (__fini_array_start = .)
 *(SORT_BY_NAME(.fini_array.*))
 *(.fini_array*)
 .fini_array    0x08013158        0x4 c:/users/ly/opensourcetools/gnu tools arm embedded/7 2018-q2-update/bin/../lib/gcc/arm-none-eabi/7.3.1/thumb/v7e-m/fpv4-sp/hard/crtbegin.o
                [!provide]                PROVIDE (__fini_array_end = .)
                0x08013160                . = ALIGN (0x8)
 *fill*         0x0801315c        0x4 
                0x08013160                _sidata = LOADADDR (.data)

.data           0x20000000      0x1f0 load address 0x08013160
                0x20000000                . = ALIGN (0x8)
                0x20000000                _sdata = .
 *(.data)
 *(.data*)
 .data.BACK_COLOR
                0x20000000        0x2 appbuild/lcd.o
                0x20000000                BACK_COLOR
 *fill*         0x20000002        0x2 
 .data.SystemCoreClock
                0x20000004        0x4 appbuild/system_stm32l4xx.o
                0x20000004                SystemCoreClock
 .data.s_pUSART
                0x20000008        0x4 appbuild/uart_debug.o
 .data.s_uwIRQn
                0x2000000c        0x4 appbuild/uart_debug.o
 .data.gs_os_shell_type
                0x20000010        0x8 appbuild/shell_cmd.o
 .data.gs_welcome_info
                0x20000018        0x4 appbuild/shell_main.o
 .data._impure_ptr
                0x2000001c        0x4 c:/users/ly/opensourcetools/gnu tools arm embedded/7 2018-q2-update/bin/../lib/gcc/arm-none-eabi/7.3.1/../../../../arm-none-eabi/lib/thumb/v7e-m/fpv4-sp/hard\libc_nano.a(lib_a-impure.o)
                0x2000001c                _impure_ptr
 .data.impure_data
                0x20000020       0x60 c:/users/ly/opensourcetools/gnu tools arm embedded/7 2018-q2-update/bin/../lib/gcc/arm-none-eabi/7.3.1/../../../../arm-none-eabi/lib/thumb/v7e-m/fpv4-sp/hard\libc_nano.a(lib_a-impure.o)
 .data.__global_locale
                0x20000080      0x16c c:/users/ly/opensourcetools/gnu tools arm embedded/7 2018-q2-update/bin/../lib/gcc/arm-none-eabi/7.3.1/../../../../arm-none-eabi/lib/thumb/v7e-m/fpv4-sp/hard\libc_nano.a(lib_a-locale.o)
                0x20000080                __global_locale
                0x200001f0                . = ALIGN (0x8)
 *fill*         0x200001ec        0x4 
                0x200001f0                _edata = .

.igot.plt       0x200001f0        0x0 load address 0x08013350
 .igot.plt      0x200001f0        0x0 c:/users/ly/opensourcetools/gnu tools arm embedded/7 2018-q2-update/bin/../lib/gcc/arm-none-eabi/7.3.1/thumb/v7e-m/fpv4-sp/hard/crtbegin.o
                0x200001f0                . = ALIGN (0x4)

.bss            0x200001f0      0xf94 load address 0x08013350
                0x200001f0                _sbss = .
                0x200001f0                __bss_start__ = _sbss
 *(.bss)
 .bss           0x200001f0       0x1c c:/users/ly/opensourcetools/gnu tools arm embedded/7 2018-q2-update/bin/../lib/gcc/arm-none-eabi/7.3.1/thumb/v7e-m/fpv4-sp/hard/crtbegin.o
 *(.bss*)
 .bss.lcd_buf   0x2000020c      0x480 appbuild/lcd.o
 .bss.POINT_COLOR
                0x2000068c        0x2 appbuild/lcd.o
                0x2000068c                POINT_COLOR
 *fill*         0x2000068e        0x2 
 .bss.s_uart_init
                0x20000690        0x4 appbuild/uart_debug.o
 .bss.s_uartdebug_rcv_ring
                0x20000694       0x10 appbuild/uart_debug.o
 .bss.s_uartdebug_rcv_ringmem
                0x200006a4       0x80 appbuild/uart_debug.o
 .bss.s_uartdebug_rcv_sync
                0x20000724        0x4 appbuild/uart_debug.o
 .bss.cpuclkfeq
                0x20000728        0x4 appbuild/dwt.o
 .bss.s_os_cb   0x2000072c        0x4 appbuild/osal.o
 .bss.g_vuwIntCount
                0x20000730        0x4 appbuild/los_hwi.o
                0x20000730                g_vuwIntCount
 .bss.g_bSysTickStart
                0x20000734        0x4 appbuild/los_tick.o
                0x20000734                g_bSysTickStart
 .bss.g_pfnTskSwitchHook
                0x20000738        0x4 appbuild/los_task.o
                0x20000738                g_pfnTskSwitchHook
 .bss.g_pfnUsrTskSwitchHook
                0x2000073c        0x4 appbuild/los_task.o
                0x2000073c                g_pfnUsrTskSwitchHook
 .bss.g_uwPriQueueBitmap
                0x20000740        0x4 appbuild/los_priqueue.o
 .bss.m_uwSwTmrAlignID
                0x20000744       0x40 appbuild/los_swtmr.o
                0x20000744                m_uwSwTmrAlignID
 .bss.g_pstAllMux
                0x20000784        0x4 appbuild/los_mux.o
                0x20000784                g_pstAllMux
 .bss.s_astAllMux.11261
                0x20000788      0x1e0 appbuild/los_mux.o
 .bss.gs_shell_cb
                0x20000968       0x10 appbuild/shell_cmd.o
 .bss.tab_matches
                0x20000978       0x44 appbuild/shell_cmd.o
 .bss.s_link_mainversion
                0x200009bc       0x40 appbuild/link_main.o
 .bss.s_link_start
                0x200009fc        0x4 appbuild/link_main.o
 .bss.user_task1_id
                0x20000a00        0x4 appbuild/osal_task_demo.o
                0x20000a00                user_task1_id
 .bss.user_task2_id
                0x20000a04        0x4 appbuild/osal_task_demo.o
                0x20000a04                user_task2_id
 *(COMMON)
 COMMON         0x20000a08       0x78 appbuild/uart_debug.o
                0x20000a08                uart_debug
 COMMON         0x20000a80       0xe4 appbuild/i2c.o
                0x20000a80                hi2c3
                0x20000acc                hi2c1
                0x20000b18                hi2c2
 COMMON         0x20000b64       0x64 appbuild/spi.o
                0x20000b64                hspi2
 COMMON         0x20000bc8      0x3c4 appbuild/los_hwi.o
                0x20000bc8                m_pstHwiSlaveForm
 COMMON         0x20000f8c        0x4 appbuild/los_init.o
                0x20000f8c                m_aucSysMem0
 COMMON         0x20000f90       0x18 appbuild/los_tick.o
                0x20000f90                g_ullTickCount
                0x20000f98                g_uwCyclesPerTick
                0x20000f9c                g_uwSysClock
                0x20000fa0                g_uwCyclePerSec
                0x20000fa4                g_uwTicksPerSec
 COMMON         0x20000fa8        0x8 appbuild/los_timeslice.o
                0x20000fa8                g_stTaskTimeSlice
 COMMON         0x20000fb0      0x198 appbuild/los_task.o
                0x20000fb0                g_uwIdleTaskID
                0x20000fb4                g_uwSwtmrTaskID
                0x20000fb8                g_stTskRecyleList
                0x20000fc0                g_stTskSortLink
                0x20000fc8                g_pstTaskCBArray
                0x20000fcc                g_uwTskMaxNum
                0x20000fd0                g_usLosTaskLock
                0x20000fd4                g_stLosTask
                0x20000fdc                g_bTaskScheduled
                0x20000fe0                g_stLosFreeTask
                0x20000fe8                g_astTskSwitchInfo
                0x20001140                g_stTaskTimerList
 COMMON         0x20001148        0x4 appbuild/los_priqueue.o
                0x20001148                g_pstLosPriorityQueueList
 COMMON         0x2000114c       0x10 appbuild/los_swtmr.o
                0x2000114c                m_pstSwtmrFreeList
                0x20001150                m_pstSwtmrCBArray
                0x20001154                m_uwSwTmrHandlerQueue
                0x20001158                m_pstSwtmrSortList
 COMMON         0x2000115c        0xc appbuild/los_queue.o
                0x2000115c                g_stFreeQueueList
                0x20001164                g_pstAllQueue
 COMMON         0x20001168        0xc appbuild/los_sem.o
                0x20001168                g_stUnusedSemList
                0x20001170                g_pstAllSem
 COMMON         0x20001174        0x8 appbuild/los_mux.o
                0x20001174                g_stUnusedMuxList
 COMMON         0x2000117c        0x4 appbuild/los_err.o
                0x2000117c                g_stUserErrFunc
 COMMON         0x20001180        0x4 c:/users/ly/opensourcetools/gnu tools arm embedded/7 2018-q2-update/bin/../lib/gcc/arm-none-eabi/7.3.1/../../../../arm-none-eabi/lib/thumb/v7e-m/fpv4-sp/hard\libc_nano.a(lib_a-reent.o)
                0x20001180                errno
                0x20001184                . = ALIGN (0x4)
                0x20001184                _ebss = .
                0x20001184                __bss_end__ = _ebss

._user_heap_stack
                0x20001184      0x604 load address 0x08013350
                0x20001188                . = ALIGN (0x8)
 *fill*         0x20001184        0x4 
                [!provide]                PROVIDE (end = .)
                [!provide]                PROVIDE (_end = .)
                0x20001388                . = (. + _Min_Heap_Size)
 *fill*         0x20001188      0x200 
                0x20001788                . = (. + _Min_Stack_Size)
 *fill*         0x20001388      0x400 
                0x20001788                . = ALIGN (0x8)
                0x20001788                . = ALIGN (0x8)
                0x20001788                __los_heap_addr_start__ = .
                0x2000fbff                __los_heap_addr_end__ = (((ORIGIN (RAM) + LENGTH (RAM)) - _Min_Stack_Size) - 0x1)

/DISCARD/
 libc.a(*)
 libm.a(*)
 libgcc.a(*)

.ARM.attributes
                0x00000000       0x30
 *(.ARM.attributes)
 .ARM.attributes
                0x00000000       0x22 c:/users/ly/opensourcetools/gnu tools arm embedded/7 2018-q2-update/bin/../lib/gcc/arm-none-eabi/7.3.1/thumb/v7e-m/fpv4-sp/hard/crti.o
 .ARM.attributes
                0x00000022       0x34 c:/users/ly/opensourcetools/gnu tools arm embedded/7 2018-q2-update/bin/../lib/gcc/arm-none-eabi/7.3.1/thumb/v7e-m/fpv4-sp/hard/crtbegin.o
 .ARM.attributes
                0x00000056       0x39 appbuild/stm32l4xx_hal_rcc.o
 .ARM.attributes
                0x0000008f       0x39 appbuild/stm32l4xx_hal_pwr_ex.o
 .ARM.attributes
                0x000000c8       0x39 appbuild/stm32l4xx_hal_pwr.o
 .ARM.attributes
                0x00000101       0x39 appbuild/stm32l4xx_hal_gpio.o
 .ARM.attributes
                0x0000013a       0x39 appbuild/stm32l4xx_hal_rcc_ex.o
 .ARM.attributes
                0x00000173       0x39 appbuild/stm32l4xx_hal_cortex.o
 .ARM.attributes
                0x000001ac       0x39 appbuild/stm32l4xx_hal_uart.o
 .ARM.attributes
                0x000001e5       0x39 appbuild/stm32l4xx_hal.o
 .ARM.attributes
                0x0000021e       0x39 appbuild/stm32l4xx_hal_spi.o
 .ARM.attributes
                0x00000257       0x39 appbuild/stm32l4xx_hal_i2c.o
 .ARM.attributes
                0x00000290       0x39 appbuild/stm32l4xx_hal_i2c_ex.o
 .ARM.attributes
                0x000002c9       0x39 appbuild/lcd.o
 .ARM.attributes
                0x00000302       0x39 appbuild/main.o
 .ARM.attributes
                0x0000033b       0x39 appbuild/system_stm32l4xx.o
 .ARM.attributes
                0x00000374       0x39 appbuild/stm32l4xx_it.o
 .ARM.attributes
                0x000003ad       0x39 appbuild/sys_init.o
 .ARM.attributes
                0x000003e6       0x39 appbuild/usart.o
 .ARM.attributes
                0x0000041f       0x39 appbuild/uart_debug.o
 .ARM.attributes
                0x00000458       0x39 appbuild/dwt.o
 .ARM.attributes
                0x00000491       0x39 appbuild/i2c.o
 .ARM.attributes
                0x000004ca       0x39 appbuild/spi.o
 .ARM.attributes
                0x00000503       0x39 appbuild/gpio.o
 .ARM.attributes
                0x0000053c       0x39 appbuild/link_string.o
 .ARM.attributes
                0x00000575       0x39 appbuild/link_ring_buffer.o
 .ARM.attributes
                0x000005ae       0x39 appbuild/osal.o
 .ARM.attributes
                0x000005e7       0x39 appbuild/los_dispatch.o
 .ARM.attributes
                0x00000620       0x39 appbuild/los_hw_tick.o
 .ARM.attributes
                0x00000659       0x39 appbuild/los_hwi.o
 .ARM.attributes
                0x00000692       0x39 appbuild/los_hw.o
 .ARM.attributes
                0x000006cb       0x39 appbuild/cmsis_liteos.o
 .ARM.attributes
                0x00000704       0x39 appbuild/newlib_stub.o
 .ARM.attributes
                0x0000073d       0x39 appbuild/liteos_imp.o
 .ARM.attributes
                0x00000776       0x39 appbuild/malloc.o
 .ARM.attributes
                0x000007af       0x39 appbuild/los_init.o
 .ARM.attributes
                0x000007e8       0x39 appbuild/los_tick.o
 .ARM.attributes
                0x00000821       0x39 appbuild/los_sys.o
 .ARM.attributes
                0x0000085a       0x39 appbuild/los_timeslice.o
 .ARM.attributes
                0x00000893       0x39 appbuild/los_task.o
 .ARM.attributes
                0x000008cc       0x39 appbuild/los_priqueue.o
 .ARM.attributes
                0x00000905       0x39 appbuild/los_swtmr.o
 .ARM.attributes
                0x0000093e       0x39 appbuild/los_queue.o
 .ARM.attributes
                0x00000977       0x39 appbuild/los_sem.o
 .ARM.attributes
                0x000009b0       0x39 appbuild/los_mux.o
 .ARM.attributes
                0x000009e9       0x39 appbuild/los_memory.o
 .ARM.attributes
                0x00000a22       0x39 appbuild/los_heap.o
 .ARM.attributes
                0x00000a5b       0x39 appbuild/los_slab.o
 .ARM.attributes
                0x00000a94       0x39 appbuild/los_slabmem.o
 .ARM.attributes
                0x00000acd       0x39 appbuild/los_misc.o
 .ARM.attributes
                0x00000b06       0x39 appbuild/los_err.o
 .ARM.attributes
                0x00000b3f       0x39 appbuild/shell_cmd.o
 .ARM.attributes
                0x00000b78       0x39 appbuild/shell_main.o
 .ARM.attributes
                0x00000bb1       0x39 appbuild/shell_test.o
 .ARM.attributes
                0x00000bea       0x39 appbuild/link_main.o
 .ARM.attributes
                0x00000c23       0x39 appbuild/osal_task_demo.o
 .ARM.attributes
                0x00000c5c       0x25 appbuild/los_startup.o
 .ARM.attributes
                0x00000c81       0x34 c:/users/ly/opensourcetools/gnu tools arm embedded/7 2018-q2-update/bin/../lib/gcc/arm-none-eabi/7.3.1/../../../../arm-none-eabi/lib/thumb/v7e-m/fpv4-sp/hard\libc_nano.a(lib_a-fflush.o)
 .ARM.attributes
                0x00000cb5       0x34 c:/users/ly/opensourcetools/gnu tools arm embedded/7 2018-q2-update/bin/../lib/gcc/arm-none-eabi/7.3.1/../../../../arm-none-eabi/lib/thumb/v7e-m/fpv4-sp/hard\libc_nano.a(lib_a-findfp.o)
 .ARM.attributes